node:internal/modules/cjs/loader:1210
  throw err;
  ^

Error: Cannot find module '/home/ubuntu/lemondeDeLila/backend/dist/main.js'
    at Module._resolveFilename (node:internal/modules/cjs/loader:1207:15)
    at Module._load (node:internal/modules/cjs/loader:1038:27)
    at Function.executeUserEntryPoint [as runMain] (node:internal/modules/run_main:164:12)
    at node:internal/main/run_main_module:28:49 {
  code: 'MODULE_NOT_FOUND',
  requireStack: []
}

Node.js v20.19.6
node:internal/modules/cjs/loader:1210
  throw err;
  ^

Error: Cannot find module '/home/ubuntu/lemondeDeLila/backend/dist/main.js'
    at Module._resolveFilename (node:internal/modules/cjs/loader:1207:15)
    at Module._load (node:internal/modules/cjs/loader:1038:27)
    at Function.executeUserEntryPoint [as runMain] (node:internal/modules/run_main:164:12)
    at node:internal/main/run_main_module:28:49 {
  code: 'MODULE_NOT_FOUND',
  requireStack: []
}

Node.js v20.19.6
node:internal/modules/cjs/loader:1210
  throw err;
  ^

Error: Cannot find module '/home/ubuntu/lemondeDeLila/backend/dist/main.js'
    at Module._resolveFilename (node:internal/modules/cjs/loader:1207:15)
    at Module._load (node:internal/modules/cjs/loader:1038:27)
    at Function.executeUserEntryPoint [as runMain] (node:internal/modules/run_main:164:12)
    at node:internal/main/run_main_module:28:49 {
  code: 'MODULE_NOT_FOUND',
  requireStack: []
}

Node.js v20.19.6
node:internal/modules/cjs/loader:1210
  throw err;
  ^

Error: Cannot find module '/home/ubuntu/lemondeDeLila/backend/dist/main.js'
    at Module._resolveFilename (node:internal/modules/cjs/loader:1207:15)
    at Module._load (node:internal/modules/cjs/loader:1038:27)
    at Function.executeUserEntryPoint [as runMain] (node:internal/modules/run_main:164:12)
    at node:internal/main/run_main_module:28:49 {
  code: 'MODULE_NOT_FOUND',
  requireStack: []
}

Node.js v20.19.6
node:internal/modules/cjs/loader:1210
  throw err;
  ^

Error: Cannot find module './database/entities'
Require stack:
- /home/ubuntu/lemondeDeLila/backend/dist/app.module.js
- /home/ubuntu/lemondeDeLila/backend/dist/main.js
    at Module._resolveFilename (node:internal/modules/cjs/loader:1207:15)
    at Module._load (node:internal/modules/cjs/loader:1038:27)
    at Module.require (node:internal/modules/cjs/loader:1289:19)
    at require (node:internal/modules/helpers:182:18)
    at Object.<anonymous> (/home/ubuntu/lemondeDeLila/backend/dist/app.module.js:49:20)
    at Module._compile (node:internal/modules/cjs/loader:1521:14)
    at Module._extensions..js (node:internal/modules/cjs/loader:1623:10)
    at Module.load (node:internal/modules/cjs/loader:1266:32)
    at Module._load (node:internal/modules/cjs/loader:1091:12)
    at Module.require (node:internal/modules/cjs/loader:1289:19) {
  code: 'MODULE_NOT_FOUND',
  requireStack: [
    '/home/ubuntu/lemondeDeLila/backend/dist/app.module.js',
    '/home/ubuntu/lemondeDeLila/backend/dist/main.js'
  ]
}

Node.js v20.19.6
node:internal/modules/cjs/loader:1210
  throw err;
  ^

Error: Cannot find module '/home/ubuntu/lemondeDeLila/backend/dist/main.js'
    at Module._resolveFilename (node:internal/modules/cjs/loader:1207:15)
    at Module._load (node:internal/modules/cjs/loader:1038:27)
    at Function.executeUserEntryPoint [as runMain] (node:internal/modules/run_main:164:12)
    at node:internal/main/run_main_module:28:49 {
  code: 'MODULE_NOT_FOUND',
  requireStack: []
}

Node.js v20.19.6
node:internal/modules/cjs/loader:1210
  throw err;
  ^

Error: Cannot find module '/home/ubuntu/lemondeDeLila/backend/dist/main.js'
    at Module._resolveFilename (node:internal/modules/cjs/loader:1207:15)
    at Module._load (node:internal/modules/cjs/loader:1038:27)
    at Function.executeUserEntryPoint [as runMain] (node:internal/modules/run_main:164:12)
    at node:internal/main/run_main_module:28:49 {
  code: 'MODULE_NOT_FOUND',
  requireStack: []
}

Node.js v20.19.6
node:internal/modules/cjs/loader:1210
  throw err;
  ^

Error: Cannot find module '/home/ubuntu/lemondeDeLila/backend/dist/main.js'
    at Module._resolveFilename (node:internal/modules/cjs/loader:1207:15)
    at Module._load (node:internal/modules/cjs/loader:1038:27)
    at Function.executeUserEntryPoint [as runMain] (node:internal/modules/run_main:164:12)
    at node:internal/main/run_main_module:28:49 {
  code: 'MODULE_NOT_FOUND',
  requireStack: []
}

Node.js v20.19.6
