{"ts":"2026-01-23T22:32:07.612Z","label":"setup.families_json.loaded","event":"setup.families_json.loaded","roomId":null,"gameType":"dame-nature","userId":null,"type":"setup_families_json_loaded","source":"C:\\wamp64\\www\\lemondeDeLila\\backend\\src\\game\\games\\vents-dansants\\dame-nature\\model\\content\\families.json","families":0}
{"ts":"2026-01-23T22:32:07.615Z","label":"setup.pollution_json.loaded","event":"setup.pollution_json.loaded","roomId":null,"gameType":"dame-nature","userId":null,"type":"setup_pollution_json_loaded","source":"C:\\wamp64\\www\\lemondeDeLila\\backend\\src\\game\\games\\vents-dansants\\dame-nature\\model\\content\\pollution.json","max":0,"cards":0}
{"ts":"2026-01-23T22:32:07.617Z","label":"setup.quiz_json.loaded","event":"setup.quiz_json.loaded","roomId":null,"gameType":"dame-nature","userId":null,"type":"setup_quiz_json_loaded","source":"C:\\wamp64\\www\\lemondeDeLila\\backend\\src\\game\\games\\vents-dansants\\dame-nature\\model\\content\\quiz.json","quiz":0}
{"ts":"2026-01-23T22:32:07.620Z","label":"init.skip_special","event":"init.skip_special","roomId":null,"gameType":"dame-nature","userId":2,"type":"init_skip_special","playerId":2,"skipped":["quiz"]}
{"ts":"2026-01-23T22:32:07.622Z","label":"init.skip_special","event":"init.skip_special","roomId":null,"gameType":"dame-nature","userId":1,"type":"init_skip_special","playerId":1,"skipped":["danger"]}
{"ts":"2026-01-23T22:32:07.623Z","label":"init","event":"init","roomId":null,"gameType":"dame-nature","userId":null,"type":"init","turnIndex":0,"currentPlayerId":1,"status":"started","players":[{"id":1,"bot":false},{"id":2,"bot":false}]}
{"ts":"2026-01-23T22:32:07.624Z","label":"turn.start","event":"turn.start","roomId":null,"gameType":"dame-nature","userId":1,"type":"turn_start","turnIndex":0,"currentPlayerId":1,"playerId":1,"username":"A"}
{"ts":"2026-01-23T22:32:07.651Z","label":"init.skip_special","event":"init.skip_special","roomId":null,"gameType":"dame-nature","userId":1,"type":"init_skip_special","playerId":1,"skipped":["quiz"]}
{"ts":"2026-01-23T22:32:07.652Z","label":"init","event":"init","roomId":null,"gameType":"dame-nature","userId":null,"type":"init","turnIndex":0,"currentPlayerId":1,"status":"started","players":[{"id":1,"bot":false},{"id":2,"bot":false}]}
{"ts":"2026-01-23T22:32:07.652Z","label":"turn.start","event":"turn.start","roomId":null,"gameType":"dame-nature","userId":1,"type":"turn_start","turnIndex":0,"currentPlayerId":1,"playerId":1,"username":"A"}
{"ts":"2026-01-23T22:32:07.793Z","label":"setup.families_json.loaded","event":"setup.families_json.loaded","roomId":null,"gameType":"dame-nature","userId":null,"type":"setup_families_json_loaded","source":"C:\\wamp64\\www\\lemondeDeLila\\backend\\src\\game\\games\\vents-dansants\\dame-nature\\model\\content\\families.json","families":0}
{"ts":"2026-01-23T22:32:07.795Z","label":"setup.pollution_json.loaded","event":"setup.pollution_json.loaded","roomId":null,"gameType":"dame-nature","userId":null,"type":"setup_pollution_json_loaded","source":"C:\\wamp64\\www\\lemondeDeLila\\backend\\src\\game\\games\\vents-dansants\\dame-nature\\model\\content\\pollution.json","max":0,"cards":0}
{"ts":"2026-01-23T22:32:07.797Z","label":"setup.quiz_json.loaded","event":"setup.quiz_json.loaded","roomId":null,"gameType":"dame-nature","userId":null,"type":"setup_quiz_json_loaded","source":"C:\\wamp64\\www\\lemondeDeLila\\backend\\src\\game\\games\\vents-dansants\\dame-nature\\model\\content\\quiz.json","quiz":0}
{"ts":"2026-01-23T22:32:07.801Z","label":"init.skip_special","event":"init.skip_special","roomId":null,"gameType":"dame-nature","userId":2,"type":"init_skip_special","playerId":2,"skipped":["quiz"]}
{"ts":"2026-01-23T22:32:07.802Z","label":"init.skip_special","event":"init.skip_special","roomId":null,"gameType":"dame-nature","userId":1,"type":"init_skip_special","playerId":1,"skipped":["quiz"]}
{"ts":"2026-01-23T22:32:07.805Z","label":"init","event":"init","roomId":null,"gameType":"dame-nature","userId":null,"type":"init","turnIndex":0,"currentPlayerId":1,"status":"started","players":[{"id":1,"bot":false},{"id":2,"bot":false}]}
{"ts":"2026-01-23T22:32:07.806Z","label":"turn.start","event":"turn.start","roomId":null,"gameType":"dame-nature","userId":1,"type":"turn_start","turnIndex":0,"currentPlayerId":1,"playerId":1,"username":"A"}
{"ts":"2026-01-23T22:32:07.839Z","label":"init.skip_special","event":"init.skip_special","roomId":null,"gameType":"dame-nature","userId":1,"type":"init_skip_special","playerId":1,"skipped":["quiz"]}
{"ts":"2026-01-23T22:32:07.840Z","label":"init.skip_special","event":"init.skip_special","roomId":null,"gameType":"dame-nature","userId":2,"type":"init_skip_special","playerId":2,"skipped":["quiz"]}
{"ts":"2026-01-23T22:32:07.841Z","label":"init.skip_special","event":"init.skip_special","roomId":null,"gameType":"dame-nature","userId":1,"type":"init_skip_special","playerId":1,"skipped":["quiz"]}
{"ts":"2026-01-23T22:32:07.841Z","label":"init","event":"init","roomId":null,"gameType":"dame-nature","userId":null,"type":"init","turnIndex":0,"currentPlayerId":1,"status":"started","players":[{"id":1,"bot":false},{"id":2,"bot":false}]}
{"ts":"2026-01-23T22:32:07.842Z","label":"turn.start","event":"turn.start","roomId":null,"gameType":"dame-nature","userId":1,"type":"turn_start","turnIndex":0,"currentPlayerId":1,"playerId":1,"username":"A"}
{"ts":"2026-01-23T22:32:07.843Z","label":"action.draw","event":"action.draw","roomId":null,"gameType":"dame-nature","userId":null,"type":"draw","turnIndex":0,"currentPlayerId":1,"actorId":null,"current":1}
{"ts":"2026-01-23T22:32:07.844Z","label":"turn.state","event":"turn.state","roomId":null,"gameType":"dame-nature","userId":1,"type":"turn_state","turnIndex":0,"currentPlayerId":1,"playerId":1,"username":"A","hand":4,"books":0,"pollution":0,"maxPollution":12}
{"ts":"2026-01-23T22:32:07.845Z","label":"draw.family","event":"draw.family","roomId":null,"gameType":"dame-nature","userId":1,"type":"draw_family","turnIndex":0,"currentPlayerId":1,"playerId":1,"username":"A","cardId":"x","cardName":"Famille des Arbres - X","hand":5,"books":0}
{"ts":"2026-01-23T22:32:07.847Z","label":"turn","event":"turn","roomId":null,"gameType":"dame-nature","userId":2,"type":"turn","turnIndex":1,"currentPlayerId":2,"current":2}
{"ts":"2026-01-23T22:32:07.848Z","label":"turn.start","event":"turn.start","roomId":null,"gameType":"dame-nature","userId":2,"type":"turn_start","turnIndex":1,"currentPlayerId":2,"playerId":2,"username":"B","hand":4,"books":0}
{"ts":"2026-01-23T22:32:07.850Z","label":"init.skip_special","event":"init.skip_special","roomId":null,"gameType":"dame-nature","userId":2,"type":"init_skip_special","playerId":2,"skipped":["quiz"]}
{"ts":"2026-01-23T22:32:07.851Z","label":"init.skip_special","event":"init.skip_special","roomId":null,"gameType":"dame-nature","userId":2,"type":"init_skip_special","playerId":2,"skipped":["quiz"]}
{"ts":"2026-01-23T22:32:07.851Z","label":"init.skip_special","event":"init.skip_special","roomId":null,"gameType":"dame-nature","userId":1,"type":"init_skip_special","playerId":1,"skipped":["danger"]}
{"ts":"2026-01-23T22:32:07.852Z","label":"init","event":"init","roomId":null,"gameType":"dame-nature","userId":null,"type":"init","turnIndex":0,"currentPlayerId":1,"status":"started","players":[{"id":1,"bot":false},{"id":2,"bot":false}]}
{"ts":"2026-01-23T22:32:07.853Z","label":"turn.start","event":"turn.start","roomId":null,"gameType":"dame-nature","userId":1,"type":"turn_start","turnIndex":0,"currentPlayerId":1,"playerId":1,"username":"A"}
{"ts":"2026-01-23T22:32:07.854Z","label":"action.draw","event":"action.draw","roomId":null,"gameType":"dame-nature","userId":null,"type":"draw","turnIndex":0,"currentPlayerId":1,"actorId":null,"current":1}
{"ts":"2026-01-23T22:32:07.855Z","label":"turn.state","event":"turn.state","roomId":null,"gameType":"dame-nature","userId":1,"type":"turn_state","turnIndex":0,"currentPlayerId":1,"playerId":1,"username":"A","hand":4,"books":0,"pollution":0,"maxPollution":12}
{"ts":"2026-01-23T22:32:07.856Z","label":"draw.family","event":"draw.family","roomId":null,"gameType":"dame-nature","userId":1,"type":"draw_family","turnIndex":0,"currentPlayerId":1,"playerId":1,"username":"A","cardId":"erable","cardName":"Famille des Arbres - Érable","hand":4,"books":1}
{"ts":"2026-01-23T22:32:07.859Z","label":"init.skip_special","event":"init.skip_special","roomId":null,"gameType":"dame-nature","userId":2,"type":"init_skip_special","playerId":2,"skipped":["quiz","quiz"]}
{"ts":"2026-01-23T22:32:07.861Z","label":"init.skip_special","event":"init.skip_special","roomId":null,"gameType":"dame-nature","userId":1,"type":"init_skip_special","playerId":1,"skipped":["quiz"]}
{"ts":"2026-01-23T22:32:07.861Z","label":"init.skip_special","event":"init.skip_special","roomId":null,"gameType":"dame-nature","userId":2,"type":"init_skip_special","playerId":2,"skipped":["quiz"]}
{"ts":"2026-01-23T22:32:07.862Z","label":"init","event":"init","roomId":null,"gameType":"dame-nature","userId":null,"type":"init","turnIndex":0,"currentPlayerId":1,"status":"started","players":[{"id":1,"bot":false},{"id":2,"bot":false}]}
{"ts":"2026-01-23T22:32:07.862Z","label":"turn.start","event":"turn.start","roomId":null,"gameType":"dame-nature","userId":1,"type":"turn_start","turnIndex":0,"currentPlayerId":1,"playerId":1,"username":"A"}
{"ts":"2026-01-23T22:32:07.864Z","label":"action.ask_card","event":"action.ask_card","roomId":null,"gameType":"dame-nature","userId":null,"type":"ask_card","turnIndex":0,"currentPlayerId":1,"actorId":null,"current":1}
{"ts":"2026-01-23T22:32:07.867Z","label":"init.skip_special","event":"init.skip_special","roomId":null,"gameType":"dame-nature","userId":1,"type":"init_skip_special","playerId":1,"skipped":["quiz","quiz"]}
{"ts":"2026-01-23T22:32:07.867Z","label":"init.skip_special","event":"init.skip_special","roomId":null,"gameType":"dame-nature","userId":1,"type":"init_skip_special","playerId":1,"skipped":["quiz","quiz","danger"]}
{"ts":"2026-01-23T22:32:07.868Z","label":"init","event":"init","roomId":null,"gameType":"dame-nature","userId":null,"type":"init","turnIndex":0,"currentPlayerId":1,"status":"started","players":[{"id":1,"bot":false},{"id":2,"bot":false}]}
{"ts":"2026-01-23T22:32:07.869Z","label":"turn.start","event":"turn.start","roomId":null,"gameType":"dame-nature","userId":1,"type":"turn_start","turnIndex":0,"currentPlayerId":1,"playerId":1,"username":"A"}
{"ts":"2026-01-23T22:32:07.870Z","label":"action.ask_card","event":"action.ask_card","roomId":null,"gameType":"dame-nature","userId":null,"type":"ask_card","turnIndex":0,"currentPlayerId":1,"actorId":null,"current":1}
{"ts":"2026-01-23T22:32:07.873Z","label":"init.skip_special","event":"init.skip_special","roomId":null,"gameType":"dame-nature","userId":2,"type":"init_skip_special","playerId":2,"skipped":["quiz"]}
{"ts":"2026-01-23T22:32:07.874Z","label":"init.skip_special","event":"init.skip_special","roomId":null,"gameType":"dame-nature","userId":2,"type":"init_skip_special","playerId":2,"skipped":["quiz"]}
{"ts":"2026-01-23T22:32:07.875Z","label":"init.skip_special","event":"init.skip_special","roomId":null,"gameType":"dame-nature","userId":1,"type":"init_skip_special","playerId":1,"skipped":["quiz"]}
{"ts":"2026-01-23T22:32:07.876Z","label":"init.skip_special","event":"init.skip_special","roomId":null,"gameType":"dame-nature","userId":2,"type":"init_skip_special","playerId":2,"skipped":["quiz"]}
{"ts":"2026-01-23T22:32:07.876Z","label":"init","event":"init","roomId":null,"gameType":"dame-nature","userId":null,"type":"init","turnIndex":0,"currentPlayerId":1,"status":"started","players":[{"id":1,"bot":false},{"id":2,"bot":false}]}
{"ts":"2026-01-23T22:32:07.877Z","label":"turn.start","event":"turn.start","roomId":null,"gameType":"dame-nature","userId":1,"type":"turn_start","turnIndex":0,"currentPlayerId":1,"playerId":1,"username":"A"}
{"ts":"2026-01-23T22:32:07.878Z","label":"action.ask_card","event":"action.ask_card","roomId":null,"gameType":"dame-nature","userId":null,"type":"ask_card","turnIndex":0,"currentPlayerId":1,"actorId":null,"current":1}
{"ts":"2026-01-23T22:32:07.879Z","label":"ask.pending","event":"ask.pending","roomId":null,"gameType":"dame-nature","userId":1,"type":"ask_pending","turnIndex":0,"currentPlayerId":2,"fromId":1,"targetId":2,"family":"arbres","member":"chene","handTarget":1}
{"ts":"2026-01-23T22:32:07.880Z","label":"action.answer_ask","event":"action.answer_ask","roomId":null,"gameType":"dame-nature","userId":2,"type":"answer_ask_card_refuse","turnIndex":0,"currentPlayerId":2,"actorId":2,"pending":{"fromId":1,"targetId":2,"familyId":"arbres","memberId":"chene","offerMemberId":"sapin"}}
{"ts":"2026-01-23T22:32:07.881Z","label":"ask.refuse","event":"ask.refuse","roomId":null,"gameType":"dame-nature","userId":2,"type":"ask_refuse","turnIndex":0,"currentPlayerId":1,"targetId":2,"fromId":1,"family":"arbres","member":"chene"}
{"ts":"2026-01-23T22:32:07.883Z","label":"action.ask_card","event":"action.ask_card","roomId":null,"gameType":"dame-nature","userId":null,"type":"ask_card","turnIndex":0,"currentPlayerId":1,"actorId":null,"current":1}
{"ts":"2026-01-23T22:32:07.885Z","label":"init.skip_special","event":"init.skip_special","roomId":null,"gameType":"dame-nature","userId":1,"type":"init_skip_special","playerId":1,"skipped":["quiz"]}
{"ts":"2026-01-23T22:32:07.886Z","label":"init.skip_special","event":"init.skip_special","roomId":null,"gameType":"dame-nature","userId":2,"type":"init_skip_special","playerId":2,"skipped":["quiz"]}
{"ts":"2026-01-23T22:32:07.886Z","label":"init.skip_special","event":"init.skip_special","roomId":null,"gameType":"dame-nature","userId":1,"type":"init_skip_special","playerId":1,"skipped":["quiz","danger"]}
{"ts":"2026-01-23T22:32:07.887Z","label":"init","event":"init","roomId":null,"gameType":"dame-nature","userId":null,"type":"init","turnIndex":0,"currentPlayerId":1,"status":"started","players":[{"id":1,"bot":false},{"id":2,"bot":true}]}
{"ts":"2026-01-23T22:32:07.888Z","label":"turn.start","event":"turn.start","roomId":null,"gameType":"dame-nature","userId":1,"type":"turn_start","turnIndex":0,"currentPlayerId":1,"playerId":1,"username":"A"}
{"ts":"2026-01-23T22:32:07.890Z","label":"init.skip_special","event":"init.skip_special","roomId":null,"gameType":"dame-nature","userId":1,"type":"init_skip_special","playerId":1,"skipped":["quiz"]}
{"ts":"2026-01-23T22:32:07.891Z","label":"init.skip_special","event":"init.skip_special","roomId":null,"gameType":"dame-nature","userId":2,"type":"init_skip_special","playerId":2,"skipped":["danger","danger"]}
{"ts":"2026-01-23T22:32:07.892Z","label":"init","event":"init","roomId":null,"gameType":"dame-nature","userId":null,"type":"init","turnIndex":0,"currentPlayerId":1,"status":"started","players":[{"id":1,"bot":false},{"id":2,"bot":true}]}
{"ts":"2026-01-23T22:32:07.893Z","label":"turn.start","event":"turn.start","roomId":null,"gameType":"dame-nature","userId":1,"type":"turn_start","turnIndex":0,"currentPlayerId":1,"playerId":1,"username":"A"}
{"ts":"2026-01-23T22:32:07.895Z","label":"init.skip_special","event":"init.skip_special","roomId":null,"gameType":"dame-nature","userId":1,"type":"init_skip_special","playerId":1,"skipped":["quiz"]}
{"ts":"2026-01-23T22:32:07.896Z","label":"init.skip_special","event":"init.skip_special","roomId":null,"gameType":"dame-nature","userId":2,"type":"init_skip_special","playerId":2,"skipped":["quiz"]}
{"ts":"2026-01-23T22:32:07.896Z","label":"init.skip_special","event":"init.skip_special","roomId":null,"gameType":"dame-nature","userId":1,"type":"init_skip_special","playerId":1,"skipped":["quiz","quiz","quiz"]}
{"ts":"2026-01-23T22:32:07.896Z","label":"init.skip_special","event":"init.skip_special","roomId":null,"gameType":"dame-nature","userId":1,"type":"init_skip_special","playerId":1,"skipped":["quiz"]}
{"ts":"2026-01-23T22:32:07.897Z","label":"init","event":"init","roomId":null,"gameType":"dame-nature","userId":null,"type":"init","turnIndex":0,"currentPlayerId":1,"status":"started","players":[{"id":1,"bot":false},{"id":2,"bot":true}]}
{"ts":"2026-01-23T22:32:07.898Z","label":"turn.start","event":"turn.start","roomId":null,"gameType":"dame-nature","userId":1,"type":"turn_start","turnIndex":0,"currentPlayerId":1,"playerId":1,"username":"A"}
{"ts":"2026-01-23T22:32:07.902Z","label":"init.skip_special","event":"init.skip_special","roomId":null,"gameType":"dame-nature","userId":2,"type":"init_skip_special","playerId":2,"skipped":["quiz"]}
{"ts":"2026-01-23T22:32:07.903Z","label":"init","event":"init","roomId":null,"gameType":"dame-nature","userId":null,"type":"init","turnIndex":0,"currentPlayerId":1,"status":"started","players":[{"id":1,"bot":false},{"id":2,"bot":false}]}
{"ts":"2026-01-23T22:32:07.905Z","label":"turn.start","event":"turn.start","roomId":null,"gameType":"dame-nature","userId":1,"type":"turn_start","turnIndex":0,"currentPlayerId":1,"playerId":1,"username":"A"}
{"ts":"2026-01-23T22:32:07.910Z","label":"init.skip_special","event":"init.skip_special","roomId":null,"gameType":"dame-nature","userId":2,"type":"init_skip_special","playerId":2,"skipped":["quiz"]}
{"ts":"2026-01-23T22:32:07.910Z","label":"init.skip_special","event":"init.skip_special","roomId":null,"gameType":"dame-nature","userId":1,"type":"init_skip_special","playerId":1,"skipped":["quiz","quiz","quiz"]}
{"ts":"2026-01-23T22:32:07.912Z","label":"init","event":"init","roomId":null,"gameType":"dame-nature","userId":null,"type":"init","turnIndex":0,"currentPlayerId":1,"status":"started","players":[{"id":1,"bot":false},{"id":2,"bot":false}]}
{"ts":"2026-01-23T22:32:07.913Z","label":"turn.start","event":"turn.start","roomId":null,"gameType":"dame-nature","userId":1,"type":"turn_start","turnIndex":0,"currentPlayerId":1,"playerId":1,"username":"A"}
{"ts":"2026-01-23T22:32:07.916Z","label":"init.skip_special","event":"init.skip_special","roomId":null,"gameType":"dame-nature","userId":2,"type":"init_skip_special","playerId":2,"skipped":["quiz","quiz"]}
{"ts":"2026-01-23T22:32:07.916Z","label":"init.skip_special","event":"init.skip_special","roomId":null,"gameType":"dame-nature","userId":1,"type":"init_skip_special","playerId":1,"skipped":["quiz"]}
{"ts":"2026-01-23T22:32:07.917Z","label":"init","event":"init","roomId":null,"gameType":"dame-nature","userId":null,"type":"init","turnIndex":0,"currentPlayerId":1,"status":"open","players":[{"id":1,"bot":false},{"id":2,"bot":false}]}
{"ts":"2026-01-23T22:32:07.917Z","label":"turn.start","event":"turn.start","roomId":null,"gameType":"dame-nature","userId":1,"type":"turn_start","turnIndex":0,"currentPlayerId":1,"playerId":1,"username":"A"}
{"ts":"2026-01-23T22:32:07.927Z","label":"init.skip_special","event":"init.skip_special","roomId":null,"gameType":"dame-nature","userId":1,"type":"init_skip_special","playerId":1,"skipped":["quiz","quiz"]}
{"ts":"2026-01-23T22:32:07.927Z","label":"init.skip_special","event":"init.skip_special","roomId":null,"gameType":"dame-nature","userId":1,"type":"init_skip_special","playerId":1,"skipped":["quiz"]}
{"ts":"2026-01-23T22:32:07.928Z","label":"init","event":"init","roomId":null,"gameType":"dame-nature","userId":null,"type":"init","turnIndex":0,"currentPlayerId":1,"status":"started","players":[{"id":1,"bot":false},{"id":2,"bot":false}]}
{"ts":"2026-01-23T22:32:07.928Z","label":"turn.start","event":"turn.start","roomId":null,"gameType":"dame-nature","userId":1,"type":"turn_start","turnIndex":0,"currentPlayerId":1,"playerId":1,"username":"A"}
{"ts":"2026-01-23T22:32:07.929Z","label":"action.draw","event":"action.draw","roomId":null,"gameType":"dame-nature","userId":null,"type":"draw","turnIndex":0,"currentPlayerId":1,"actorId":null,"current":1}
{"ts":"2026-01-23T22:32:07.930Z","label":"turn.state","event":"turn.state","roomId":null,"gameType":"dame-nature","userId":1,"type":"turn_state","turnIndex":0,"currentPlayerId":1,"playerId":1,"username":"A","hand":4,"books":0,"pollution":0,"maxPollution":12}
{"ts":"2026-01-23T22:32:07.931Z","label":"pollution.tick","event":"pollution.tick","roomId":null,"gameType":"dame-nature","userId":1,"type":"pollution_tick","turnIndex":0,"currentPlayerId":1,"playerId":1,"username":"A","reason":"Test","delta":2,"total":2,"max":12}
{"ts":"2026-01-23T22:32:07.931Z","label":"draw.danger","event":"draw.danger","roomId":null,"gameType":"dame-nature","userId":1,"type":"draw_danger","turnIndex":0,"currentPlayerId":1,"playerId":1,"username":"A","cardId":"danger-x","cardName":"Test","delta":2,"pollution":2}
{"ts":"2026-01-23T22:32:08.696Z","label":"setup.families_json.loaded","event":"setup.families_json.loaded","roomId":null,"gameType":"dame-nature","userId":null,"type":"setup_families_json_loaded","source":"C:\\wamp64\\www\\lemondeDeLila\\backend\\src\\game\\games\\vents-dansants\\dame-nature\\model\\content\\families.json","families":0}
{"ts":"2026-01-23T22:32:08.697Z","label":"setup.pollution_json.loaded","event":"setup.pollution_json.loaded","roomId":null,"gameType":"dame-nature","userId":null,"type":"setup_pollution_json_loaded","source":"C:\\wamp64\\www\\lemondeDeLila\\backend\\src\\game\\games\\vents-dansants\\dame-nature\\model\\content\\pollution.json","max":0,"cards":0}
{"ts":"2026-01-23T22:32:08.707Z","label":"setup.quiz_json.loaded","event":"setup.quiz_json.loaded","roomId":null,"gameType":"dame-nature","userId":null,"type":"setup_quiz_json_loaded","source":"C:\\wamp64\\www\\lemondeDeLila\\backend\\src\\game\\games\\vents-dansants\\dame-nature\\model\\content\\quiz.json","quiz":0}
{"ts":"2026-01-23T22:32:08.708Z","label":"init.skip_special","event":"init.skip_special","roomId":null,"gameType":"dame-nature","userId":2,"type":"init_skip_special","playerId":2,"skipped":["quiz","quiz"]}
{"ts":"2026-01-23T22:32:08.708Z","label":"init.skip_special","event":"init.skip_special","roomId":null,"gameType":"dame-nature","userId":1,"type":"init_skip_special","playerId":1,"skipped":["danger"]}
{"ts":"2026-01-23T22:32:08.709Z","label":"init.skip_special","event":"init.skip_special","roomId":null,"gameType":"dame-nature","userId":2,"type":"init_skip_special","playerId":2,"skipped":["danger"]}
{"ts":"2026-01-23T22:32:08.710Z","label":"init","event":"init","roomId":null,"gameType":"dame-nature","userId":null,"type":"init","turnIndex":0,"currentPlayerId":1,"status":"started","players":[{"id":1,"bot":false},{"id":2,"bot":false}]}
{"ts":"2026-01-23T22:32:08.711Z","label":"turn.start","event":"turn.start","roomId":null,"gameType":"dame-nature","userId":1,"type":"turn_start","turnIndex":0,"currentPlayerId":1,"playerId":1,"username":"A"}
{"ts":"2026-01-23T22:32:08.713Z","label":"action.draw","event":"action.draw","roomId":null,"gameType":"dame-nature","userId":null,"type":"draw","turnIndex":0,"currentPlayerId":1,"actorId":null,"current":1}
{"ts":"2026-01-23T22:32:08.715Z","label":"turn.state","event":"turn.state","roomId":null,"gameType":"dame-nature","userId":1,"type":"turn_state","turnIndex":0,"currentPlayerId":1,"playerId":1,"username":"A","hand":4,"books":0,"pollution":0,"maxPollution":12}
{"ts":"2026-01-23T22:32:08.716Z","label":"draw.family","event":"draw.family","roomId":null,"gameType":"dame-nature","userId":1,"type":"draw_family","turnIndex":0,"currentPlayerId":1,"playerId":1,"username":"A","cardId":"requin","cardName":"Famille des Poissons - Requin","hand":5,"books":0}
{"ts":"2026-01-23T22:32:08.719Z","label":"turn","event":"turn","roomId":null,"gameType":"dame-nature","userId":2,"type":"turn","turnIndex":1,"currentPlayerId":2,"current":2}
{"ts":"2026-01-23T22:32:08.720Z","label":"turn.start","event":"turn.start","roomId":null,"gameType":"dame-nature","userId":2,"type":"turn_start","turnIndex":1,"currentPlayerId":2,"playerId":2,"username":"B","hand":4,"books":0}
{"ts":"2026-01-23T22:32:08.725Z","label":"action.draw","event":"action.draw","roomId":null,"gameType":"dame-nature","userId":null,"type":"draw","turnIndex":1,"currentPlayerId":2,"actorId":null,"current":2}
{"ts":"2026-01-23T22:32:08.726Z","label":"turn.state","event":"turn.state","roomId":null,"gameType":"dame-nature","userId":2,"type":"turn_state","turnIndex":1,"currentPlayerId":2,"playerId":2,"username":"B","hand":4,"books":0,"pollution":0,"maxPollution":12}
{"ts":"2026-01-23T22:32:08.736Z","label":"pollution.tick","event":"pollution.tick","roomId":null,"gameType":"dame-nature","userId":2,"type":"pollution_tick","turnIndex":1,"currentPlayerId":2,"playerId":2,"username":"B","reason":"Marée noire","delta":3,"total":3,"max":12}
{"ts":"2026-01-23T22:32:08.736Z","label":"draw.danger","event":"draw.danger","roomId":null,"gameType":"dame-nature","userId":2,"type":"draw_danger","turnIndex":1,"currentPlayerId":2,"playerId":2,"username":"B","cardId":"maree-noire","cardName":"Marée noire","delta":3,"pollution":3}
{"ts":"2026-01-23T22:32:08.738Z","label":"turn","event":"turn","roomId":null,"gameType":"dame-nature","userId":1,"type":"turn","turnIndex":0,"currentPlayerId":1,"current":1}
{"ts":"2026-01-23T22:32:08.738Z","label":"turn.start","event":"turn.start","roomId":null,"gameType":"dame-nature","userId":1,"type":"turn_start","turnIndex":0,"currentPlayerId":1,"playerId":1,"username":"A","hand":4,"books":0}
{"ts":"2026-01-23T22:32:08.739Z","label":"action.draw","event":"action.draw","roomId":null,"gameType":"dame-nature","userId":null,"type":"draw","turnIndex":0,"currentPlayerId":1,"actorId":null,"current":1}
{"ts":"2026-01-23T22:32:08.740Z","label":"turn.state","event":"turn.state","roomId":null,"gameType":"dame-nature","userId":1,"type":"turn_state","turnIndex":0,"currentPlayerId":1,"playerId":1,"username":"A","hand":4,"books":0,"pollution":0,"maxPollution":12}
{"ts":"2026-01-23T22:32:08.741Z","label":"draw.family","event":"draw.family","roomId":null,"gameType":"dame-nature","userId":1,"type":"draw_family","turnIndex":0,"currentPlayerId":1,"playerId":1,"username":"A","cardId":"hibou","cardName":"Famille des Rapaces - Hibou","hand":5,"books":0}
{"ts":"2026-01-23T22:32:08.742Z","label":"turn","event":"turn","roomId":null,"gameType":"dame-nature","userId":2,"type":"turn","turnIndex":1,"currentPlayerId":2,"current":2}
{"ts":"2026-01-23T22:32:08.743Z","label":"turn.start","event":"turn.start","roomId":null,"gameType":"dame-nature","userId":2,"type":"turn_start","turnIndex":1,"currentPlayerId":2,"playerId":2,"username":"B","hand":3,"books":0}
{"ts":"2026-01-23T22:32:08.744Z","label":"action.draw","event":"action.draw","roomId":null,"gameType":"dame-nature","userId":null,"type":"draw","turnIndex":1,"currentPlayerId":2,"actorId":null,"current":2}
{"ts":"2026-01-23T22:32:08.745Z","label":"turn.state","event":"turn.state","roomId":null,"gameType":"dame-nature","userId":2,"type":"turn_state","turnIndex":1,"currentPlayerId":2,"playerId":2,"username":"B","hand":3,"books":0,"pollution":3,"maxPollution":12}
{"ts":"2026-01-23T22:32:08.745Z","label":"draw.quiz","event":"draw.quiz","roomId":null,"gameType":"dame-nature","userId":2,"type":"draw_quiz","turnIndex":1,"currentPlayerId":2,"playerId":2,"username":"B","cardId":"quiz23","question":"Quel arbre produit des glands ?"}
{"ts":"2026-01-23T22:32:08.747Z","label":"block.pending_quiz","event":"block.pending_quiz","roomId":null,"gameType":"dame-nature","userId":null,"type":"answer_quiz","turnIndex":1,"currentPlayerId":2,"actorId":null,"currentId":2,"pendingQuiz":{"playerId":2,"card":{"kind":"quiz","familyId":"quiz","familyName":"Quiz Nature","memberId":"quiz23","memberName":"Quel arbre produit des glands ?","role":"Quiz","question":"Quel arbre produit des glands ?","answer":"Chêne","choices":["•","Chêne","•","Pin","•","Bouleau"]}}}
{"ts":"2026-01-23T22:32:08.749Z","label":"block.pending_quiz","event":"block.pending_quiz","roomId":null,"gameType":"dame-nature","userId":null,"type":"answer_quiz","turnIndex":1,"currentPlayerId":2,"actorId":null,"currentId":2,"pendingQuiz":{"playerId":2,"card":{"kind":"quiz","familyId":"quiz","familyName":"Quiz Nature","memberId":"quiz23","memberName":"Quel arbre produit des glands ?","role":"Quiz","question":"Quel arbre produit des glands ?","answer":"Chêne","choices":["•","Chêne","•","Pin","•","Bouleau"]}}}
{"ts":"2026-01-23T22:32:08.752Z","label":"block.pending_quiz","event":"block.pending_quiz","roomId":null,"gameType":"dame-nature","userId":null,"type":"answer_quiz","turnIndex":1,"currentPlayerId":2,"actorId":null,"currentId":2,"pendingQuiz":{"playerId":2,"card":{"kind":"quiz","familyId":"quiz","familyName":"Quiz Nature","memberId":"quiz23","memberName":"Quel arbre produit des glands ?","role":"Quiz","question":"Quel arbre produit des glands ?","answer":"Chêne","choices":["•","Chêne","•","Pin","•","Bouleau"]}}}
{"ts":"2026-01-23T22:32:08.753Z","label":"block.pending_quiz","event":"block.pending_quiz","roomId":null,"gameType":"dame-nature","userId":null,"type":"answer_quiz","turnIndex":1,"currentPlayerId":2,"actorId":null,"currentId":2,"pendingQuiz":{"playerId":2,"card":{"kind":"quiz","familyId":"quiz","familyName":"Quiz Nature","memberId":"quiz23","memberName":"Quel arbre produit des glands ?","role":"Quiz","question":"Quel arbre produit des glands ?","answer":"Chêne","choices":["•","Chêne","•","Pin","•","Bouleau"]}}}
{"ts":"2026-01-23T22:32:08.756Z","label":"block.pending_quiz","event":"block.pending_quiz","roomId":null,"gameType":"dame-nature","userId":null,"type":"answer_quiz","turnIndex":1,"currentPlayerId":2,"actorId":null,"currentId":2,"pendingQuiz":{"playerId":2,"card":{"kind":"quiz","familyId":"quiz","familyName":"Quiz Nature","memberId":"quiz23","memberName":"Quel arbre produit des glands ?","role":"Quiz","question":"Quel arbre produit des glands ?","answer":"Chêne","choices":["•","Chêne","•","Pin","•","Bouleau"]}}}
{"ts":"2026-01-23T22:32:08.758Z","label":"block.pending_quiz","event":"block.pending_quiz","roomId":null,"gameType":"dame-nature","userId":null,"type":"answer_quiz","turnIndex":1,"currentPlayerId":2,"actorId":null,"currentId":2,"pendingQuiz":{"playerId":2,"card":{"kind":"quiz","familyId":"quiz","familyName":"Quiz Nature","memberId":"quiz23","memberName":"Quel arbre produit des glands ?","role":"Quiz","question":"Quel arbre produit des glands ?","answer":"Chêne","choices":["•","Chêne","•","Pin","•","Bouleau"]}}}
{"ts":"2026-01-23T22:32:08.759Z","label":"block.pending_quiz","event":"block.pending_quiz","roomId":null,"gameType":"dame-nature","userId":null,"type":"answer_quiz","turnIndex":1,"currentPlayerId":2,"actorId":null,"currentId":2,"pendingQuiz":{"playerId":2,"card":{"kind":"quiz","familyId":"quiz","familyName":"Quiz Nature","memberId":"quiz23","memberName":"Quel arbre produit des glands ?","role":"Quiz","question":"Quel arbre produit des glands ?","answer":"Chêne","choices":["•","Chêne","•","Pin","•","Bouleau"]}}}
{"ts":"2026-01-23T22:32:08.760Z","label":"block.pending_quiz","event":"block.pending_quiz","roomId":null,"gameType":"dame-nature","userId":null,"type":"answer_quiz","turnIndex":1,"currentPlayerId":2,"actorId":null,"currentId":2,"pendingQuiz":{"playerId":2,"card":{"kind":"quiz","familyId":"quiz","familyName":"Quiz Nature","memberId":"quiz23","memberName":"Quel arbre produit des glands ?","role":"Quiz","question":"Quel arbre produit des glands ?","answer":"Chêne","choices":["•","Chêne","•","Pin","•","Bouleau"]}}}
{"ts":"2026-01-23T22:32:08.761Z","label":"block.pending_quiz","event":"block.pending_quiz","roomId":null,"gameType":"dame-nature","userId":null,"type":"answer_quiz","turnIndex":1,"currentPlayerId":2,"actorId":null,"currentId":2,"pendingQuiz":{"playerId":2,"card":{"kind":"quiz","familyId":"quiz","familyName":"Quiz Nature","memberId":"quiz23","memberName":"Quel arbre produit des glands ?","role":"Quiz","question":"Quel arbre produit des glands ?","answer":"Chêne","choices":["•","Chêne","•","Pin","•","Bouleau"]}}}
{"ts":"2026-01-23T22:32:08.762Z","label":"block.pending_quiz","event":"block.pending_quiz","roomId":null,"gameType":"dame-nature","userId":null,"type":"answer_quiz","turnIndex":1,"currentPlayerId":2,"actorId":null,"currentId":2,"pendingQuiz":{"playerId":2,"card":{"kind":"quiz","familyId":"quiz","familyName":"Quiz Nature","memberId":"quiz23","memberName":"Quel arbre produit des glands ?","role":"Quiz","question":"Quel arbre produit des glands ?","answer":"Chêne","choices":["•","Chêne","•","Pin","•","Bouleau"]}}}
{"ts":"2026-01-23T22:32:08.763Z","label":"block.pending_quiz","event":"block.pending_quiz","roomId":null,"gameType":"dame-nature","userId":null,"type":"answer_quiz","turnIndex":1,"currentPlayerId":2,"actorId":null,"currentId":2,"pendingQuiz":{"playerId":2,"card":{"kind":"quiz","familyId":"quiz","familyName":"Quiz Nature","memberId":"quiz23","memberName":"Quel arbre produit des glands ?","role":"Quiz","question":"Quel arbre produit des glands ?","answer":"Chêne","choices":["•","Chêne","•","Pin","•","Bouleau"]}}}
{"ts":"2026-01-23T22:32:08.764Z","label":"block.pending_quiz","event":"block.pending_quiz","roomId":null,"gameType":"dame-nature","userId":null,"type":"answer_quiz","turnIndex":1,"currentPlayerId":2,"actorId":null,"currentId":2,"pendingQuiz":{"playerId":2,"card":{"kind":"quiz","familyId":"quiz","familyName":"Quiz Nature","memberId":"quiz23","memberName":"Quel arbre produit des glands ?","role":"Quiz","question":"Quel arbre produit des glands ?","answer":"Chêne","choices":["•","Chêne","•","Pin","•","Bouleau"]}}}
{"ts":"2026-01-23T22:32:08.766Z","label":"block.pending_quiz","event":"block.pending_quiz","roomId":null,"gameType":"dame-nature","userId":null,"type":"answer_quiz","turnIndex":1,"currentPlayerId":2,"actorId":null,"currentId":2,"pendingQuiz":{"playerId":2,"card":{"kind":"quiz","familyId":"quiz","familyName":"Quiz Nature","memberId":"quiz23","memberName":"Quel arbre produit des glands ?","role":"Quiz","question":"Quel arbre produit des glands ?","answer":"Chêne","choices":["•","Chêne","•","Pin","•","Bouleau"]}}}
{"ts":"2026-01-23T22:32:08.767Z","label":"block.pending_quiz","event":"block.pending_quiz","roomId":null,"gameType":"dame-nature","userId":null,"type":"answer_quiz","turnIndex":1,"currentPlayerId":2,"actorId":null,"currentId":2,"pendingQuiz":{"playerId":2,"card":{"kind":"quiz","familyId":"quiz","familyName":"Quiz Nature","memberId":"quiz23","memberName":"Quel arbre produit des glands ?","role":"Quiz","question":"Quel arbre produit des glands ?","answer":"Chêne","choices":["•","Chêne","•","Pin","•","Bouleau"]}}}
{"ts":"2026-01-23T22:32:08.769Z","label":"block.pending_quiz","event":"block.pending_quiz","roomId":null,"gameType":"dame-nature","userId":null,"type":"answer_quiz","turnIndex":1,"currentPlayerId":2,"actorId":null,"currentId":2,"pendingQuiz":{"playerId":2,"card":{"kind":"quiz","familyId":"quiz","familyName":"Quiz Nature","memberId":"quiz23","memberName":"Quel arbre produit des glands ?","role":"Quiz","question":"Quel arbre produit des glands ?","answer":"Chêne","choices":["•","Chêne","•","Pin","•","Bouleau"]}}}
{"ts":"2026-01-23T22:32:08.770Z","label":"block.pending_quiz","event":"block.pending_quiz","roomId":null,"gameType":"dame-nature","userId":null,"type":"answer_quiz","turnIndex":1,"currentPlayerId":2,"actorId":null,"currentId":2,"pendingQuiz":{"playerId":2,"card":{"kind":"quiz","familyId":"quiz","familyName":"Quiz Nature","memberId":"quiz23","memberName":"Quel arbre produit des glands ?","role":"Quiz","question":"Quel arbre produit des glands ?","answer":"Chêne","choices":["•","Chêne","•","Pin","•","Bouleau"]}}}
{"ts":"2026-01-23T22:32:08.773Z","label":"block.pending_quiz","event":"block.pending_quiz","roomId":null,"gameType":"dame-nature","userId":null,"type":"answer_quiz","turnIndex":1,"currentPlayerId":2,"actorId":null,"currentId":2,"pendingQuiz":{"playerId":2,"card":{"kind":"quiz","familyId":"quiz","familyName":"Quiz Nature","memberId":"quiz23","memberName":"Quel arbre produit des glands ?","role":"Quiz","question":"Quel arbre produit des glands ?","answer":"Chêne","choices":["•","Chêne","•","Pin","•","Bouleau"]}}}
{"ts":"2026-01-23T22:32:08.776Z","label":"block.pending_quiz","event":"block.pending_quiz","roomId":null,"gameType":"dame-nature","userId":null,"type":"answer_quiz","turnIndex":1,"currentPlayerId":2,"actorId":null,"currentId":2,"pendingQuiz":{"playerId":2,"card":{"kind":"quiz","familyId":"quiz","familyName":"Quiz Nature","memberId":"quiz23","memberName":"Quel arbre produit des glands ?","role":"Quiz","question":"Quel arbre produit des glands ?","answer":"Chêne","choices":["•","Chêne","•","Pin","•","Bouleau"]}}}
