{"ts":"2026-01-23T18:31:16.447Z","label":"ws.game.gateway.init","event":"ws.game.gateway.init","roomId":null,"gameType":null,"userId":null,"type":null,"logPath":"log/playing.log (racine ou backend/log)","gateway":"/ws/game"}
{"ts":"2026-01-23T18:31:39.702Z","label":"ws.game.disconnect","event":"ws.game.disconnect","roomId":null,"gameType":null,"userId":1,"type":null}
{"ts":"2026-01-23T22:32:06.796Z","label":"panier.draw","event":"panier.draw","roomId":null,"gameType":null,"userId":1,"type":"draw","playerId":1,"card":"pomme","standId":"fruitier","shoppingList":["feuille-de-basilic","ananas","carotte"],"basket":[],"inventory":["pomme"],"discarded":null}
{"ts":"2026-01-23T22:32:06.817Z","label":"panier.advanceTurn","event":"panier.advanceTurn","roomId":null,"gameType":null,"userId":1,"type":"advance_turn","currentId":1,"currentIndex":0,"nextTurnIndex":1,"nextCurrentPlayerId":2,"skipTurn":{"1":0}}
{"ts":"2026-01-23T22:32:06.841Z","label":"panier.bot.actions","event":"panier.bot.actions","roomId":null,"gameType":null,"userId":1,"type":"bot_actions","botPlayerId":1,"actions":["answer_quiz"]}
{"ts":"2026-01-23T22:32:06.847Z","label":"panier.advanceTurn","event":"panier.advanceTurn","roomId":null,"gameType":null,"userId":1,"type":"advance_turn","currentId":1,"currentIndex":0,"nextTurnIndex":1,"nextCurrentPlayerId":2,"skipTurn":{}}
{"ts":"2026-01-23T22:32:06.854Z","label":"panier.roll","event":"panier.roll","roomId":null,"gameType":null,"userId":1,"type":"roll","currentId":1,"turnIndex":0,"roll":5,"status":"running"}
{"ts":"2026-01-23T22:32:06.859Z","label":"panier.draw","event":"panier.draw","roomId":null,"gameType":null,"userId":1,"type":"draw","playerId":1,"card":"kiwano","standId":"bio-fruits","shoppingList":["feuille-de-basilic","ananas","carotte"],"basket":[],"inventory":["kiwano"],"discarded":null}
{"ts":"2026-01-23T22:32:06.862Z","label":"panier.advanceTurn","event":"panier.advanceTurn","roomId":null,"gameType":null,"userId":1,"type":"advance_turn","currentId":1,"currentIndex":0,"nextTurnIndex":1,"nextCurrentPlayerId":2,"skipTurn":{}}
{"ts":"2026-01-23T22:32:06.874Z","label":"panier.draw","event":"panier.draw","roomId":null,"gameType":null,"userId":1,"type":"draw","playerId":1,"card":"poire","standId":"fruitier","shoppingList":["celeri-branche","orange","amande"],"basket":[],"inventory":["poire"],"discarded":null}
{"ts":"2026-01-23T22:32:06.885Z","label":"panier.exchange.pending","event":"panier.exchange.pending","roomId":null,"gameType":null,"userId":1,"type":"exchange_pending","playerId":1,"card":"echange-amiable","targets":1}
{"ts":"2026-01-23T22:32:06.891Z","label":"panier.exchange.pending","event":"panier.exchange.pending","roomId":null,"gameType":null,"userId":1,"type":"exchange_pending","playerId":1,"card":"echange-amiable","targets":1}
{"ts":"2026-01-23T22:32:06.893Z","label":"panier.exchange.resolve","event":"panier.exchange.resolve","roomId":null,"gameType":null,"userId":1,"type":"exchange_resolve","playerId":1,"targetPlayerId":2}
{"ts":"2026-01-23T22:32:06.899Z","label":"panier.exchange.pending","event":"panier.exchange.pending","roomId":null,"gameType":null,"userId":1,"type":"exchange_pending","playerId":1,"card":"echange-amiable","targets":1}
{"ts":"2026-01-23T22:32:06.903Z","label":"panier.exchange.pending","event":"panier.exchange.pending","roomId":null,"gameType":null,"userId":1,"type":"exchange_pending","playerId":1,"card":"echange-amiable","targets":1}
{"ts":"2026-01-23T22:32:07.002Z","label":"panier.advanceTurn","event":"panier.advanceTurn","roomId":null,"gameType":null,"userId":1,"type":"advance_turn","currentId":1,"currentIndex":0,"nextTurnIndex":1,"nextCurrentPlayerId":2,"skipTurn":{}}
{"ts":"2026-01-23T22:32:07.005Z","label":"panier.advanceTurn","event":"panier.advanceTurn","roomId":null,"gameType":null,"userId":1,"type":"advance_turn","currentId":1,"currentIndex":0,"nextTurnIndex":1,"nextCurrentPlayerId":2,"skipTurn":{}}
{"ts":"2026-01-23T22:32:07.243Z","label":"panier.draw","event":"panier.draw","roomId":null,"gameType":null,"userId":1,"type":"draw","playerId":1,"card":"amande","standId":"bonus","shoppingList":[],"basket":[],"inventory":["pomme","amande"],"discarded":null}
{"ts":"2026-01-23T22:32:07.244Z","label":"panier.draw","event":"panier.draw","roomId":null,"gameType":null,"userId":1,"type":"draw","playerId":1,"card":"noix","standId":"bonus","shoppingList":[],"basket":[],"inventory":["pomme","amande","noix"],"discarded":null}
{"ts":"2026-01-23T22:32:07.263Z","label":"panier.draw","event":"panier.draw","roomId":null,"gameType":null,"userId":1,"type":"draw","playerId":1,"card":"amande","standId":"bonus","shoppingList":[],"basket":[],"inventory":["pomme","amande"],"discarded":null}
{"ts":"2026-01-23T22:32:07.287Z","label":"panier.advanceTurn","event":"panier.advanceTurn","roomId":null,"gameType":null,"userId":1,"type":"advance_turn","currentId":1,"currentIndex":0,"nextTurnIndex":1,"nextCurrentPlayerId":2,"skipTurn":{}}
{"ts":"2026-01-23T22:32:07.301Z","label":"panier.advanceTurn","event":"panier.advanceTurn","roomId":null,"gameType":null,"userId":1,"type":"advance_turn","currentId":1,"currentIndex":0,"nextTurnIndex":1,"nextCurrentPlayerId":2,"skipTurn":{}}
{"ts":"2026-01-23T22:32:07.306Z","label":"panier.draw","event":"panier.draw","roomId":null,"gameType":null,"userId":1,"type":"draw","playerId":1,"card":"amande","standId":"bonus","shoppingList":[],"basket":[],"inventory":["pomme","amande"],"discarded":null}
{"ts":"2026-01-23T22:32:07.322Z","label":"panier.draw","event":"panier.draw","roomId":null,"gameType":null,"userId":1,"type":"draw","playerId":1,"card":"asperge","standId":"maraicher","shoppingList":[],"basket":[],"inventory":["pomme","asperge"],"discarded":null}
{"ts":"2026-01-23T22:32:07.339Z","label":"panier.advanceTurn","event":"panier.advanceTurn","roomId":null,"gameType":null,"userId":1,"type":"advance_turn","currentId":1,"currentIndex":0,"nextTurnIndex":1,"nextCurrentPlayerId":2,"skipTurn":{}}
{"ts":"2026-01-23T22:32:07.344Z","label":"panier.draw","event":"panier.draw","roomId":null,"gameType":null,"userId":1,"type":"draw","playerId":1,"card":"amande","standId":"bonus","shoppingList":[],"basket":[],"inventory":["pomme","amande"],"discarded":null}
{"ts":"2026-01-23T22:32:07.344Z","label":"panier.draw","event":"panier.draw","roomId":null,"gameType":null,"userId":2,"type":"draw","playerId":2,"card":"noix","standId":"bonus","shoppingList":[],"basket":[],"inventory":["poire","noix"],"discarded":null}
{"ts":"2026-01-23T22:32:07.350Z","label":"panier.draw","event":"panier.draw","roomId":null,"gameType":null,"userId":1,"type":"draw","playerId":1,"card":"amande","standId":"bonus","shoppingList":[],"basket":[],"inventory":["pomme","amande"],"discarded":null}
{"ts":"2026-01-23T22:32:07.362Z","label":"panier.advanceTurn","event":"panier.advanceTurn","roomId":null,"gameType":null,"userId":1,"type":"advance_turn","currentId":1,"currentIndex":0,"nextTurnIndex":1,"nextCurrentPlayerId":2,"skipTurn":{}}
{"ts":"2026-01-23T22:32:07.374Z","label":"panier.roll","event":"panier.roll","roomId":null,"gameType":null,"userId":1,"type":"roll","currentId":1,"turnIndex":0,"roll":1,"status":"started"}
{"ts":"2026-01-23T22:32:07.382Z","label":"panier.draw","event":"panier.draw","roomId":null,"gameType":null,"userId":1,"type":"draw","playerId":1,"card":"poire","standId":"fruitier","shoppingList":["patisson","clementine","gombo"],"basket":[],"inventory":["poire"],"discarded":null}
{"ts":"2026-01-23T22:32:07.386Z","label":"panier.advanceTurn","event":"panier.advanceTurn","roomId":null,"gameType":null,"userId":1,"type":"advance_turn","currentId":1,"currentIndex":0,"nextTurnIndex":1,"nextCurrentPlayerId":2,"skipTurn":{}}
{"ts":"2026-01-23T22:32:07.386Z","label":"panier.advanceTurn","event":"panier.advanceTurn","roomId":null,"gameType":null,"userId":1,"type":"advance_turn","currentId":1,"currentIndex":0,"nextTurnIndex":1,"nextCurrentPlayerId":2,"skipTurn":{}}
{"ts":"2026-01-23T22:32:07.392Z","label":"panier.roll","event":"panier.roll","roomId":null,"gameType":null,"userId":2,"type":"roll","currentId":2,"turnIndex":1,"roll":6,"status":"started"}
{"ts":"2026-01-23T22:32:07.394Z","label":"panier.draw","event":"panier.draw","roomId":null,"gameType":null,"userId":1,"type":"draw","playerId":1,"card":"raisin","standId":"maraicher-automne","shoppingList":[],"basket":[],"inventory":["pomme","raisin"],"discarded":null}
{"ts":"2026-01-23T22:32:07.407Z","label":"panier.draw","event":"panier.draw","roomId":null,"gameType":null,"userId":2,"type":"draw","playerId":2,"card":"fane-de-radis","standId":"primeur","shoppingList":["feuille-de-basilic","ananas","carotte"],"basket":[],"inventory":["fane-de-radis"],"discarded":null}
{"ts":"2026-01-23T22:32:07.416Z","label":"panier.roll","event":"panier.roll","roomId":null,"gameType":null,"userId":2,"type":"roll","currentId":2,"turnIndex":1,"roll":4,"status":"started"}
{"ts":"2026-01-23T22:32:07.425Z","label":"panier.draw","event":"panier.draw","roomId":null,"gameType":null,"userId":2,"type":"draw","playerId":2,"card":"betterave","standId":"legumes-racines","shoppingList":["feuille-de-basilic","ananas","carotte"],"basket":[],"inventory":["fane-de-radis","betterave"],"discarded":null}
{"ts":"2026-01-23T22:32:07.430Z","label":"panier.advanceTurn","event":"panier.advanceTurn","roomId":null,"gameType":null,"userId":2,"type":"advance_turn","currentId":2,"currentIndex":1,"nextTurnIndex":0,"nextCurrentPlayerId":1,"skipTurn":{}}
{"ts":"2026-01-23T22:32:07.440Z","label":"panier.roll","event":"panier.roll","roomId":null,"gameType":null,"userId":1,"type":"roll","currentId":1,"turnIndex":0,"roll":2,"status":"started"}
{"ts":"2026-01-23T22:32:07.448Z","label":"panier.draw","event":"panier.draw","roomId":null,"gameType":null,"userId":1,"type":"draw","playerId":1,"card":"mais","standId":"maraicher","shoppingList":["patisson","clementine","gombo"],"basket":[],"inventory":["poire","mais"],"discarded":null}
{"ts":"2026-01-23T22:32:07.450Z","label":"panier.advanceTurn","event":"panier.advanceTurn","roomId":null,"gameType":null,"userId":1,"type":"advance_turn","currentId":1,"currentIndex":0,"nextTurnIndex":1,"nextCurrentPlayerId":2,"skipTurn":{}}
{"ts":"2026-01-23T22:32:07.457Z","label":"panier.roll","event":"panier.roll","roomId":null,"gameType":null,"userId":2,"type":"roll","currentId":2,"turnIndex":1,"roll":1,"status":"started"}
{"ts":"2026-01-23T22:32:07.472Z","label":"panier.advanceTurn","event":"panier.advanceTurn","roomId":null,"gameType":null,"userId":2,"type":"advance_turn","currentId":2,"currentIndex":1,"nextTurnIndex":0,"nextCurrentPlayerId":1,"skipTurn":{}}
{"ts":"2026-01-23T22:32:07.477Z","label":"panier.advanceTurn","event":"panier.advanceTurn","roomId":null,"gameType":null,"userId":1,"type":"advance_turn","currentId":1,"currentIndex":0,"nextTurnIndex":1,"nextCurrentPlayerId":2,"skipTurn":{}}
{"ts":"2026-01-23T22:32:07.481Z","label":"panier.roll","event":"panier.roll","roomId":null,"gameType":null,"userId":1,"type":"roll","currentId":1,"turnIndex":0,"roll":6,"status":"started"}
{"ts":"2026-01-23T22:32:07.490Z","label":"panier.draw","event":"panier.draw","roomId":null,"gameType":null,"userId":1,"type":"draw","playerId":1,"card":"kiwi","standId":"fruits-exotiques","shoppingList":["patisson","clementine","gombo"],"basket":[],"inventory":["poire","mais","kiwi"],"discarded":null}
{"ts":"2026-01-23T22:32:07.494Z","label":"panier.draw","event":"panier.draw","roomId":null,"gameType":null,"userId":1,"type":"draw","playerId":1,"card":"amande","standId":"bonus","shoppingList":[],"basket":[],"inventory":["amande"],"discarded":null}
{"ts":"2026-01-23T22:32:07.499Z","label":"panier.roll","event":"panier.roll","roomId":null,"gameType":null,"userId":1,"type":"roll","currentId":1,"turnIndex":0,"roll":4,"status":"started"}
{"ts":"2026-01-23T22:32:07.508Z","label":"panier.draw","event":"panier.draw","roomId":null,"gameType":null,"userId":2,"type":"draw","playerId":2,"card":"noix","standId":"bonus","shoppingList":[],"basket":[],"inventory":["noix"],"discarded":null}
{"ts":"2026-01-23T22:32:07.509Z","label":"panier.advanceTurn","event":"panier.advanceTurn","roomId":null,"gameType":null,"userId":1,"type":"advance_turn","currentId":1,"currentIndex":0,"nextTurnIndex":1,"nextCurrentPlayerId":2,"skipTurn":{}}
{"ts":"2026-01-23T22:32:07.510Z","label":"panier.draw","event":"panier.draw","roomId":null,"gameType":null,"userId":1,"type":"draw","playerId":1,"card":"salade","standId":"legumes-feuilles","shoppingList":["patisson","clementine","gombo"],"basket":[],"inventory":["poire","mais","kiwi","salade"],"discarded":null}
{"ts":"2026-01-23T22:32:07.515Z","label":"panier.advanceTurn","event":"panier.advanceTurn","roomId":null,"gameType":null,"userId":1,"type":"advance_turn","currentId":1,"currentIndex":0,"nextTurnIndex":1,"nextCurrentPlayerId":2,"skipTurn":{}}
{"ts":"2026-01-23T22:32:07.520Z","label":"panier.roll","event":"panier.roll","roomId":null,"gameType":null,"userId":2,"type":"roll","currentId":2,"turnIndex":1,"roll":4,"status":"started"}
{"ts":"2026-01-23T22:32:07.536Z","label":"panier.draw","event":"panier.draw","roomId":null,"gameType":null,"userId":1,"type":"draw","playerId":1,"card":"peche","standId":"fruitier","shoppingList":[],"basket":[],"inventory":["pomme","peche"],"discarded":null}
{"ts":"2026-01-23T22:32:07.537Z","label":"panier.advanceTurn","event":"panier.advanceTurn","roomId":null,"gameType":null,"userId":2,"type":"advance_turn","currentId":2,"currentIndex":1,"nextTurnIndex":0,"nextCurrentPlayerId":1,"skipTurn":{}}
{"ts":"2026-01-23T22:32:07.542Z","label":"panier.roll","event":"panier.roll","roomId":null,"gameType":null,"userId":1,"type":"roll","currentId":1,"turnIndex":0,"roll":1,"status":"started"}
{"ts":"2026-01-23T22:32:07.563Z","label":"panier.exchange.pending","event":"panier.exchange.pending","roomId":null,"gameType":null,"userId":1,"type":"exchange_pending","playerId":1,"card":"echange-amiable","targets":1}
{"ts":"2026-01-23T22:32:07.583Z","label":"panier.advanceTurn","event":"panier.advanceTurn","roomId":null,"gameType":null,"userId":1,"type":"advance_turn","currentId":1,"currentIndex":0,"nextTurnIndex":1,"nextCurrentPlayerId":2,"skipTurn":{}}
{"ts":"2026-01-23T22:32:07.611Z","label":"panier.advanceTurn","event":"panier.advanceTurn","roomId":null,"gameType":null,"userId":1,"type":"advance_turn","currentId":1,"currentIndex":0,"nextTurnIndex":1,"nextCurrentPlayerId":2,"skipTurn":{}}
{"ts":"2026-01-23T22:32:07.639Z","label":"panier.advanceTurn","event":"panier.advanceTurn","roomId":null,"gameType":null,"userId":1,"type":"advance_turn","currentId":1,"currentIndex":0,"nextTurnIndex":1,"nextCurrentPlayerId":2,"skipTurn":{}}
{"ts":"2026-01-23T22:32:07.677Z","label":"panier.advanceTurn","event":"panier.advanceTurn","roomId":null,"gameType":null,"userId":1,"type":"advance_turn","currentId":1,"currentIndex":0,"nextTurnIndex":1,"nextCurrentPlayerId":2,"skipTurn":{}}
{"ts":"2026-01-23T22:32:07.699Z","label":"panier.exchange.pending","event":"panier.exchange.pending","roomId":null,"gameType":null,"userId":1,"type":"exchange_pending","playerId":1,"card":"troc-equitable","targets":1}
{"ts":"2026-01-23T22:32:07.713Z","label":"panier.advanceTurn","event":"panier.advanceTurn","roomId":null,"gameType":null,"userId":1,"type":"advance_turn","currentId":1,"currentIndex":0,"nextTurnIndex":1,"nextCurrentPlayerId":2,"skipTurn":{}}
{"ts":"2026-01-23T22:32:07.723Z","label":"panier.bot.actions","event":"panier.bot.actions","roomId":null,"gameType":null,"userId":1,"type":"bot_actions","botPlayerId":1,"actions":["roll"]}
{"ts":"2026-01-23T22:32:07.730Z","label":"panier.roll","event":"panier.roll","roomId":null,"gameType":null,"userId":1,"type":"roll","currentId":1,"turnIndex":0,"roll":5,"status":"started"}
{"ts":"2026-01-23T22:32:07.742Z","label":"panier.draw","event":"panier.draw","roomId":null,"gameType":null,"userId":1,"type":"draw","playerId":1,"card":"kiwano","standId":"bio-fruits","shoppingList":["pomme"],"basket":[],"inventory":["kiwano"],"discarded":null}
{"ts":"2026-01-23T22:32:07.750Z","label":"panier.advanceTurn","event":"panier.advanceTurn","roomId":null,"gameType":null,"userId":1,"type":"advance_turn","currentId":1,"currentIndex":0,"nextTurnIndex":1,"nextCurrentPlayerId":2,"skipTurn":{}}
{"ts":"2026-01-23T22:32:07.756Z","label":"panier.roll","event":"panier.roll","roomId":null,"gameType":null,"userId":2,"type":"roll","currentId":2,"turnIndex":1,"roll":6,"status":"started"}
{"ts":"2026-01-23T22:32:07.768Z","label":"panier.draw","event":"panier.draw","roomId":null,"gameType":null,"userId":2,"type":"draw","playerId":2,"card":"fane-de-radis","standId":"primeur","shoppingList":["poire"],"basket":[],"inventory":["fane-de-radis"],"discarded":null}
{"ts":"2026-01-23T22:32:07.781Z","label":"panier.roll","event":"panier.roll","roomId":null,"gameType":null,"userId":2,"type":"roll","currentId":2,"turnIndex":1,"roll":5,"status":"started"}
{"ts":"2026-01-23T22:32:07.806Z","label":"panier.draw","event":"panier.draw","roomId":null,"gameType":null,"userId":2,"type":"draw","playerId":2,"card":"amande","standId":"bonus","shoppingList":["poire"],"basket":[],"inventory":["fane-de-radis","amande"],"discarded":null}
{"ts":"2026-01-23T22:32:07.807Z","label":"panier.advanceTurn","event":"panier.advanceTurn","roomId":null,"gameType":null,"userId":2,"type":"advance_turn","currentId":2,"currentIndex":1,"nextTurnIndex":0,"nextCurrentPlayerId":1,"skipTurn":{}}
{"ts":"2026-01-23T22:32:07.810Z","label":"panier.bot.actions","event":"panier.bot.actions","roomId":null,"gameType":null,"userId":1,"type":"bot_actions","botPlayerId":1,"actions":["roll"]}
{"ts":"2026-01-23T22:32:07.812Z","label":"panier.roll","event":"panier.roll","roomId":null,"gameType":null,"userId":1,"type":"roll","currentId":1,"turnIndex":0,"roll":4,"status":"started"}
{"ts":"2026-01-23T22:32:07.818Z","label":"panier.draw","event":"panier.draw","roomId":null,"gameType":null,"userId":1,"type":"draw","playerId":1,"card":"papaye","standId":"fruits-exotiques","shoppingList":["pomme"],"basket":[],"inventory":["kiwano","papaye"],"discarded":null}
{"ts":"2026-01-23T22:32:07.821Z","label":"panier.advanceTurn","event":"panier.advanceTurn","roomId":null,"gameType":null,"userId":1,"type":"advance_turn","currentId":1,"currentIndex":0,"nextTurnIndex":1,"nextCurrentPlayerId":2,"skipTurn":{}}
{"ts":"2026-01-23T22:32:07.827Z","label":"panier.roll","event":"panier.roll","roomId":null,"gameType":null,"userId":2,"type":"roll","currentId":2,"turnIndex":1,"roll":1,"status":"started"}
{"ts":"2026-01-23T22:32:07.834Z","label":"panier.draw","event":"panier.draw","roomId":null,"gameType":null,"userId":2,"type":"draw","playerId":2,"card":"betterave","standId":"legumes-racines","shoppingList":["poire"],"basket":[],"inventory":["fane-de-radis","amande","betterave"],"discarded":null}
{"ts":"2026-01-23T22:32:07.839Z","label":"panier.advanceTurn","event":"panier.advanceTurn","roomId":null,"gameType":null,"userId":2,"type":"advance_turn","currentId":2,"currentIndex":1,"nextTurnIndex":0,"nextCurrentPlayerId":1,"skipTurn":{}}
{"ts":"2026-01-23T22:32:07.842Z","label":"panier.bot.actions","event":"panier.bot.actions","roomId":null,"gameType":null,"userId":1,"type":"bot_actions","botPlayerId":1,"actions":["roll"]}
{"ts":"2026-01-23T22:32:07.845Z","label":"panier.roll","event":"panier.roll","roomId":null,"gameType":null,"userId":1,"type":"roll","currentId":1,"turnIndex":0,"roll":1,"status":"started"}
{"ts":"2026-01-23T22:32:07.856Z","label":"panier.bot.actions","event":"panier.bot.actions","roomId":null,"gameType":null,"userId":1,"type":"bot_actions","botPlayerId":1,"actions":["pick_choice"]}
{"ts":"2026-01-23T22:32:07.862Z","label":"panier.bot.actions","event":"panier.bot.actions","roomId":null,"gameType":null,"userId":1,"type":"bot_actions","botPlayerId":1,"actions":["roll"]}
{"ts":"2026-01-23T22:32:07.866Z","label":"panier.roll","event":"panier.roll","roomId":null,"gameType":null,"userId":1,"type":"roll","currentId":1,"turnIndex":0,"roll":2,"status":"started"}
{"ts":"2026-01-23T22:32:07.888Z","label":"panier.bot.actions","event":"panier.bot.actions","roomId":null,"gameType":null,"userId":1,"type":"bot_actions","botPlayerId":1,"actions":["pick_choice"]}
{"ts":"2026-01-23T22:32:07.893Z","label":"panier.advanceTurn","event":"panier.advanceTurn","roomId":null,"gameType":null,"userId":1,"type":"advance_turn","currentId":1,"currentIndex":0,"nextTurnIndex":1,"nextCurrentPlayerId":2,"skipTurn":{}}
{"ts":"2026-01-23T22:32:07.904Z","label":"panier.roll","event":"panier.roll","roomId":null,"gameType":null,"userId":2,"type":"roll","currentId":2,"turnIndex":1,"roll":4,"status":"started"}
{"ts":"2026-01-23T22:32:07.910Z","label":"panier.draw","event":"panier.draw","roomId":null,"gameType":null,"userId":2,"type":"draw","playerId":2,"card":"fraise","standId":"fruits-rouges","shoppingList":["poire"],"basket":[],"inventory":["fane-de-radis","betterave","kiwano","fraise"],"discarded":null}
{"ts":"2026-01-23T22:32:07.914Z","label":"panier.advanceTurn","event":"panier.advanceTurn","roomId":null,"gameType":null,"userId":2,"type":"advance_turn","currentId":2,"currentIndex":1,"nextTurnIndex":0,"nextCurrentPlayerId":1,"skipTurn":{}}
{"ts":"2026-01-23T22:32:07.918Z","label":"panier.bot.actions","event":"panier.bot.actions","roomId":null,"gameType":null,"userId":1,"type":"bot_actions","botPlayerId":1,"actions":["roll"]}
{"ts":"2026-01-23T22:32:07.922Z","label":"panier.roll","event":"panier.roll","roomId":null,"gameType":null,"userId":1,"type":"roll","currentId":1,"turnIndex":0,"roll":2,"status":"started"}
{"ts":"2026-01-23T22:32:07.938Z","label":"panier.bot.actions","event":"panier.bot.actions","roomId":null,"gameType":null,"userId":1,"type":"bot_actions","botPlayerId":1,"actions":["pick_choice"]}
{"ts":"2026-01-23T22:32:07.945Z","label":"panier.bot.actions","event":"panier.bot.actions","roomId":null,"gameType":null,"userId":1,"type":"bot_actions","botPlayerId":1,"actions":["roll"]}
{"ts":"2026-01-23T22:32:07.954Z","label":"panier.roll","event":"panier.roll","roomId":null,"gameType":null,"userId":1,"type":"roll","currentId":1,"turnIndex":0,"roll":2,"status":"started"}
{"ts":"2026-01-23T22:32:07.982Z","label":"panier.advanceTurn","event":"panier.advanceTurn","roomId":null,"gameType":null,"userId":1,"type":"advance_turn","currentId":1,"currentIndex":0,"nextTurnIndex":1,"nextCurrentPlayerId":2,"skipTurn":{}}
{"ts":"2026-01-23T22:32:07.983Z","label":"panier.bot.actions","event":"panier.bot.actions","roomId":null,"gameType":null,"userId":1,"type":"bot_actions","botPlayerId":1,"actions":["pick_choice"]}
{"ts":"2026-01-23T22:32:07.989Z","label":"panier.roll","event":"panier.roll","roomId":null,"gameType":null,"userId":2,"type":"roll","currentId":2,"turnIndex":1,"roll":3,"status":"started"}
{"ts":"2026-01-23T22:32:07.994Z","label":"panier.advanceTurn","event":"panier.advanceTurn","roomId":null,"gameType":null,"userId":1,"type":"advance_turn","currentId":1,"currentIndex":0,"nextTurnIndex":1,"nextCurrentPlayerId":2,"skipTurn":{}}
{"ts":"2026-01-23T22:32:07.999Z","label":"panier.exchange.pending","event":"panier.exchange.pending","roomId":null,"gameType":null,"userId":2,"type":"exchange_pending","playerId":2,"card":"echange-amiable","targets":1}
{"ts":"2026-01-23T22:32:08.009Z","label":"panier.advanceTurn","event":"panier.advanceTurn","roomId":null,"gameType":null,"userId":1,"type":"advance_turn","currentId":1,"currentIndex":0,"nextTurnIndex":1,"nextCurrentPlayerId":2,"skipTurn":{}}
{"ts":"2026-01-23T22:32:08.016Z","label":"panier.bot.actions","event":"panier.bot.actions","roomId":null,"gameType":null,"userId":1,"type":"bot_actions","botPlayerId":1,"actions":["exchange_accept"]}
{"ts":"2026-01-23T22:32:08.017Z","label":"panier.advanceTurn","event":"panier.advanceTurn","roomId":null,"gameType":null,"userId":1,"type":"advance_turn","currentId":1,"currentIndex":0,"nextTurnIndex":1,"nextCurrentPlayerId":2,"skipTurn":{}}
{"ts":"2026-01-23T22:32:08.021Z","label":"panier.exchange.resolve","event":"panier.exchange.resolve","roomId":null,"gameType":null,"userId":2,"type":"exchange_resolve","playerId":2,"targetPlayerId":1}
{"ts":"2026-01-23T22:32:08.022Z","label":"panier.advanceTurn","event":"panier.advanceTurn","roomId":null,"gameType":null,"userId":2,"type":"advance_turn","currentId":2,"currentIndex":1,"nextTurnIndex":0,"nextCurrentPlayerId":1,"skipTurn":{}}
{"ts":"2026-01-23T22:32:08.025Z","label":"panier.bot.actions","event":"panier.bot.actions","roomId":null,"gameType":null,"userId":1,"type":"bot_actions","botPlayerId":1,"actions":["roll"]}
{"ts":"2026-01-23T22:32:08.027Z","label":"panier.advanceTurn","event":"panier.advanceTurn","roomId":null,"gameType":null,"userId":1,"type":"advance_turn","currentId":1,"currentIndex":0,"nextTurnIndex":1,"nextCurrentPlayerId":2,"skipTurn":{}}
{"ts":"2026-01-23T22:32:08.029Z","label":"panier.roll","event":"panier.roll","roomId":null,"gameType":null,"userId":1,"type":"roll","currentId":1,"turnIndex":0,"roll":5,"status":"started"}
{"ts":"2026-01-23T22:32:08.036Z","label":"panier.draw","event":"panier.draw","roomId":null,"gameType":null,"userId":1,"type":"draw","playerId":1,"card":"cerise","standId":"fruits-rouges","shoppingList":["pomme"],"basket":[],"inventory":["papaye","betterave","cerise"],"discarded":null}
{"ts":"2026-01-23T22:32:08.041Z","label":"panier.advanceTurn","event":"panier.advanceTurn","roomId":null,"gameType":null,"userId":1,"type":"advance_turn","currentId":1,"currentIndex":0,"nextTurnIndex":1,"nextCurrentPlayerId":2,"skipTurn":{}}
{"ts":"2026-01-23T22:32:08.042Z","label":"panier.advanceTurn","event":"panier.advanceTurn","roomId":null,"gameType":null,"userId":1,"type":"advance_turn","currentId":1,"currentIndex":0,"nextTurnIndex":1,"nextCurrentPlayerId":2,"skipTurn":{}}
{"ts":"2026-01-23T22:32:08.047Z","label":"panier.roll","event":"panier.roll","roomId":null,"gameType":null,"userId":2,"type":"roll","currentId":2,"turnIndex":1,"roll":3,"status":"started"}
{"ts":"2026-01-23T22:32:08.054Z","label":"panier.draw","event":"panier.draw","roomId":null,"gameType":null,"userId":2,"type":"draw","playerId":2,"card":"fenouil","standId":"primeur-special","shoppingList":["poire"],"basket":[],"inventory":["kiwano","amande","fane-de-radis","fraise","fenouil"],"discarded":null}
{"ts":"2026-01-23T22:32:08.060Z","label":"panier.advanceTurn","event":"panier.advanceTurn","roomId":null,"gameType":null,"userId":2,"type":"advance_turn","currentId":2,"currentIndex":1,"nextTurnIndex":0,"nextCurrentPlayerId":1,"skipTurn":{}}
{"ts":"2026-01-23T22:32:08.064Z","label":"panier.bot.actions","event":"panier.bot.actions","roomId":null,"gameType":null,"userId":1,"type":"bot_actions","botPlayerId":1,"actions":["roll"]}
{"ts":"2026-01-23T22:32:08.068Z","label":"panier.roll","event":"panier.roll","roomId":null,"gameType":null,"userId":1,"type":"roll","currentId":1,"turnIndex":0,"roll":4,"status":"started"}
{"ts":"2026-01-23T22:32:08.076Z","label":"panier.draw","event":"panier.draw","roomId":null,"gameType":null,"userId":1,"type":"draw","playerId":1,"card":"laitue","standId":"bio-legumes","shoppingList":["pomme"],"basket":[],"inventory":["papaye","betterave","cerise","laitue"],"discarded":null}
{"ts":"2026-01-23T22:32:08.080Z","label":"panier.advanceTurn","event":"panier.advanceTurn","roomId":null,"gameType":null,"userId":1,"type":"advance_turn","currentId":1,"currentIndex":0,"nextTurnIndex":1,"nextCurrentPlayerId":2,"skipTurn":{}}
{"ts":"2026-01-23T22:32:08.087Z","label":"panier.roll","event":"panier.roll","roomId":null,"gameType":null,"userId":2,"type":"roll","currentId":2,"turnIndex":1,"roll":1,"status":"started"}
{"ts":"2026-01-23T22:32:08.092Z","label":"panier.draw","event":"panier.draw","roomId":null,"gameType":null,"userId":2,"type":"draw","playerId":2,"card":"ail","standId":"bonus","shoppingList":["poire"],"basket":[],"inventory":["kiwano","amande","fane-de-radis","fraise","fenouil"],"discarded":"full"}
{"ts":"2026-01-23T22:32:08.095Z","label":"panier.advanceTurn","event":"panier.advanceTurn","roomId":null,"gameType":null,"userId":2,"type":"advance_turn","currentId":2,"currentIndex":1,"nextTurnIndex":0,"nextCurrentPlayerId":1,"skipTurn":{}}
{"ts":"2026-01-23T22:32:08.097Z","label":"panier.bot.actions","event":"panier.bot.actions","roomId":null,"gameType":null,"userId":1,"type":"bot_actions","botPlayerId":1,"actions":["roll"]}
{"ts":"2026-01-23T22:32:08.100Z","label":"panier.roll","event":"panier.roll","roomId":null,"gameType":null,"userId":1,"type":"roll","currentId":1,"turnIndex":0,"roll":2,"status":"started"}
{"ts":"2026-01-23T22:32:08.105Z","label":"panier.draw","event":"panier.draw","roomId":null,"gameType":null,"userId":1,"type":"draw","playerId":1,"card":"roquette","standId":"primeur-special","shoppingList":["pomme"],"basket":[],"inventory":["papaye","betterave","cerise","laitue","roquette"],"discarded":null}
{"ts":"2026-01-23T22:32:08.107Z","label":"panier.advanceTurn","event":"panier.advanceTurn","roomId":null,"gameType":null,"userId":1,"type":"advance_turn","currentId":1,"currentIndex":0,"nextTurnIndex":1,"nextCurrentPlayerId":2,"skipTurn":{}}
{"ts":"2026-01-23T22:32:08.118Z","label":"panier.roll","event":"panier.roll","roomId":null,"gameType":null,"userId":2,"type":"roll","currentId":2,"turnIndex":1,"roll":4,"status":"started"}
{"ts":"2026-01-23T22:32:08.141Z","label":"panier.bot.actions","event":"panier.bot.actions","roomId":null,"gameType":null,"userId":1,"type":"bot_actions","botPlayerId":1,"actions":["pick_choice"]}
{"ts":"2026-01-23T22:32:08.148Z","label":"panier.advanceTurn","event":"panier.advanceTurn","roomId":null,"gameType":null,"userId":2,"type":"advance_turn","currentId":2,"currentIndex":1,"nextTurnIndex":0,"nextCurrentPlayerId":1,"skipTurn":{}}
{"ts":"2026-01-23T22:32:08.152Z","label":"panier.bot.actions","event":"panier.bot.actions","roomId":null,"gameType":null,"userId":1,"type":"bot_actions","botPlayerId":1,"actions":["roll"]}
{"ts":"2026-01-23T22:32:08.157Z","label":"panier.roll","event":"panier.roll","roomId":null,"gameType":null,"userId":1,"type":"roll","currentId":1,"turnIndex":0,"roll":3,"status":"started"}
{"ts":"2026-01-23T22:32:08.169Z","label":"panier.advanceTurn","event":"panier.advanceTurn","roomId":null,"gameType":null,"userId":1,"type":"advance_turn","currentId":1,"currentIndex":0,"nextTurnIndex":1,"nextCurrentPlayerId":2,"skipTurn":{}}
{"ts":"2026-01-23T22:32:08.177Z","label":"panier.roll","event":"panier.roll","roomId":null,"gameType":null,"userId":2,"type":"roll","currentId":2,"turnIndex":1,"roll":3,"status":"started"}
{"ts":"2026-01-23T22:32:08.181Z","label":"panier.draw","event":"panier.draw","roomId":null,"gameType":null,"userId":2,"type":"draw","playerId":2,"card":"mandarine","standId":"fruits-hiver","shoppingList":["poire"],"basket":[],"inventory":["kiwano","amande","fraise","fenouil","mandarine"],"discarded":null}
{"ts":"2026-01-23T22:32:08.184Z","label":"panier.advanceTurn","event":"panier.advanceTurn","roomId":null,"gameType":null,"userId":2,"type":"advance_turn","currentId":2,"currentIndex":1,"nextTurnIndex":0,"nextCurrentPlayerId":1,"skipTurn":{}}
{"ts":"2026-01-23T22:32:08.189Z","label":"panier.bot.actions","event":"panier.bot.actions","roomId":null,"gameType":null,"userId":1,"type":"bot_actions","botPlayerId":1,"actions":["roll"]}
{"ts":"2026-01-23T22:32:08.191Z","label":"panier.roll","event":"panier.roll","roomId":null,"gameType":null,"userId":1,"type":"roll","currentId":1,"turnIndex":0,"roll":2,"status":"started"}
{"ts":"2026-01-23T22:32:08.201Z","label":"panier.advanceTurn","event":"panier.advanceTurn","roomId":null,"gameType":null,"userId":1,"type":"advance_turn","currentId":1,"currentIndex":0,"nextTurnIndex":1,"nextCurrentPlayerId":2,"skipTurn":{}}
{"ts":"2026-01-23T22:32:08.207Z","label":"panier.roll","event":"panier.roll","roomId":null,"gameType":null,"userId":2,"type":"roll","currentId":2,"turnIndex":1,"roll":1,"status":"started"}
{"ts":"2026-01-23T22:32:08.217Z","label":"panier.advanceTurn","event":"panier.advanceTurn","roomId":null,"gameType":null,"userId":2,"type":"advance_turn","currentId":2,"currentIndex":1,"nextTurnIndex":0,"nextCurrentPlayerId":1,"skipTurn":{}}
{"ts":"2026-01-23T22:32:08.222Z","label":"panier.bot.actions","event":"panier.bot.actions","roomId":null,"gameType":null,"userId":1,"type":"bot_actions","botPlayerId":1,"actions":["roll"]}
{"ts":"2026-01-23T22:32:08.224Z","label":"panier.roll","event":"panier.roll","roomId":null,"gameType":null,"userId":1,"type":"roll","currentId":1,"turnIndex":0,"roll":4,"status":"started"}
{"ts":"2026-01-23T22:32:08.236Z","label":"panier.advanceTurn","event":"panier.advanceTurn","roomId":null,"gameType":null,"userId":1,"type":"advance_turn","currentId":1,"currentIndex":0,"nextTurnIndex":1,"nextCurrentPlayerId":2,"skipTurn":{}}
{"ts":"2026-01-23T22:32:08.241Z","label":"panier.roll","event":"panier.roll","roomId":null,"gameType":null,"userId":2,"type":"roll","currentId":2,"turnIndex":1,"roll":1,"status":"started"}
{"ts":"2026-01-23T22:32:08.248Z","label":"panier.draw","event":"panier.draw","roomId":null,"gameType":null,"userId":2,"type":"draw","playerId":2,"card":"igname","standId":"legumes-exotiques","shoppingList":["poire"],"basket":[],"inventory":["laitue","fenouil","amande","roquette","mandarine"],"discarded":"full"}
{"ts":"2026-01-23T22:32:08.255Z","label":"panier.advanceTurn","event":"panier.advanceTurn","roomId":null,"gameType":null,"userId":2,"type":"advance_turn","currentId":2,"currentIndex":1,"nextTurnIndex":0,"nextCurrentPlayerId":1,"skipTurn":{}}
{"ts":"2026-01-23T22:32:08.261Z","label":"panier.bot.actions","event":"panier.bot.actions","roomId":null,"gameType":null,"userId":1,"type":"bot_actions","botPlayerId":1,"actions":["roll"]}
{"ts":"2026-01-23T22:32:08.268Z","label":"panier.roll","event":"panier.roll","roomId":null,"gameType":null,"userId":1,"type":"roll","currentId":1,"turnIndex":0,"roll":4,"status":"started"}
{"ts":"2026-01-23T22:32:08.299Z","label":"panier.bot.actions","event":"panier.bot.actions","roomId":null,"gameType":null,"userId":1,"type":"bot_actions","botPlayerId":1,"actions":["pick_choice"]}
{"ts":"2026-01-23T22:32:08.303Z","label":"panier.advanceTurn","event":"panier.advanceTurn","roomId":null,"gameType":null,"userId":1,"type":"advance_turn","currentId":1,"currentIndex":0,"nextTurnIndex":1,"nextCurrentPlayerId":2,"skipTurn":{}}
{"ts":"2026-01-23T22:32:08.307Z","label":"panier.roll","event":"panier.roll","roomId":null,"gameType":null,"userId":2,"type":"roll","currentId":2,"turnIndex":1,"roll":6,"status":"started"}
{"ts":"2026-01-23T22:32:08.315Z","label":"panier.draw","event":"panier.draw","roomId":null,"gameType":null,"userId":2,"type":"draw","playerId":2,"card":"figue","standId":"maraicher-automne","shoppingList":["poire"],"basket":[],"inventory":["laitue","fenouil","amande","roquette","mandarine"],"discarded":"full"}
{"ts":"2026-01-23T22:32:08.323Z","label":"panier.roll","event":"panier.roll","roomId":null,"gameType":null,"userId":2,"type":"roll","currentId":2,"turnIndex":1,"roll":3,"status":"started"}
{"ts":"2026-01-23T22:32:08.336Z","label":"panier.advanceTurn","event":"panier.advanceTurn","roomId":null,"gameType":null,"userId":2,"type":"advance_turn","currentId":2,"currentIndex":1,"nextTurnIndex":0,"nextCurrentPlayerId":1,"skipTurn":{}}
{"ts":"2026-01-23T22:32:08.340Z","label":"panier.bot.actions","event":"panier.bot.actions","roomId":null,"gameType":null,"userId":1,"type":"bot_actions","botPlayerId":1,"actions":["roll"]}
{"ts":"2026-01-23T22:32:08.342Z","label":"panier.roll","event":"panier.roll","roomId":null,"gameType":null,"userId":1,"type":"roll","currentId":1,"turnIndex":0,"roll":4,"status":"started"}
{"ts":"2026-01-23T22:32:08.348Z","label":"panier.advanceTurn","event":"panier.advanceTurn","roomId":null,"gameType":null,"userId":1,"type":"advance_turn","currentId":1,"currentIndex":0,"nextTurnIndex":1,"nextCurrentPlayerId":2,"skipTurn":{}}
{"ts":"2026-01-23T22:32:08.359Z","label":"panier.roll","event":"panier.roll","roomId":null,"gameType":null,"userId":2,"type":"roll","currentId":2,"turnIndex":1,"roll":1,"status":"started"}
{"ts":"2026-01-23T22:32:08.367Z","label":"panier.draw","event":"panier.draw","roomId":null,"gameType":null,"userId":2,"type":"draw","playerId":2,"card":"peche","standId":"fruitier","shoppingList":["poire"],"basket":[],"inventory":["laitue","fenouil","amande","roquette","mandarine"],"discarded":"full"}
{"ts":"2026-01-23T22:32:08.370Z","label":"panier.advanceTurn","event":"panier.advanceTurn","roomId":null,"gameType":null,"userId":2,"type":"advance_turn","currentId":2,"currentIndex":1,"nextTurnIndex":0,"nextCurrentPlayerId":1,"skipTurn":{}}
{"ts":"2026-01-23T22:32:08.373Z","label":"panier.bot.actions","event":"panier.bot.actions","roomId":null,"gameType":null,"userId":1,"type":"bot_actions","botPlayerId":1,"actions":["roll"]}
{"ts":"2026-01-23T22:32:08.376Z","label":"panier.roll","event":"panier.roll","roomId":null,"gameType":null,"userId":1,"type":"roll","currentId":1,"turnIndex":0,"roll":2,"status":"started"}
{"ts":"2026-01-23T22:32:08.389Z","label":"panier.advanceTurn","event":"panier.advanceTurn","roomId":null,"gameType":null,"userId":1,"type":"advance_turn","currentId":1,"currentIndex":0,"nextTurnIndex":1,"nextCurrentPlayerId":2,"skipTurn":{}}
{"ts":"2026-01-23T22:32:08.393Z","label":"panier.roll","event":"panier.roll","roomId":null,"gameType":null,"userId":2,"type":"roll","currentId":2,"turnIndex":1,"roll":2,"status":"started"}
{"ts":"2026-01-23T22:32:08.398Z","label":"panier.draw","event":"panier.draw","roomId":null,"gameType":null,"userId":2,"type":"draw","playerId":2,"card":"mais","standId":"maraicher","shoppingList":["poire"],"basket":[],"inventory":["laitue","fenouil","amande","roquette","mandarine"],"discarded":"full"}
{"ts":"2026-01-23T22:32:08.400Z","label":"panier.advanceTurn","event":"panier.advanceTurn","roomId":null,"gameType":null,"userId":2,"type":"advance_turn","currentId":2,"currentIndex":1,"nextTurnIndex":0,"nextCurrentPlayerId":1,"skipTurn":{}}
{"ts":"2026-01-23T22:32:08.403Z","label":"panier.bot.actions","event":"panier.bot.actions","roomId":null,"gameType":null,"userId":1,"type":"bot_actions","botPlayerId":1,"actions":["roll"]}
{"ts":"2026-01-23T22:32:08.405Z","label":"panier.roll","event":"panier.roll","roomId":null,"gameType":null,"userId":1,"type":"roll","currentId":1,"turnIndex":0,"roll":3,"status":"started"}
{"ts":"2026-01-23T22:32:08.412Z","label":"panier.draw","event":"panier.draw","roomId":null,"gameType":null,"userId":1,"type":"draw","playerId":1,"card":"abricot","standId":"bio-fruits","shoppingList":["pomme"],"basket":[],"inventory":["fraise","betterave","kiwano","cerise","abricot"],"discarded":null}
{"ts":"2026-01-23T22:32:08.415Z","label":"panier.advanceTurn","event":"panier.advanceTurn","roomId":null,"gameType":null,"userId":1,"type":"advance_turn","currentId":1,"currentIndex":0,"nextTurnIndex":1,"nextCurrentPlayerId":2,"skipTurn":{}}
{"ts":"2026-01-23T22:32:08.422Z","label":"panier.roll","event":"panier.roll","roomId":null,"gameType":null,"userId":2,"type":"roll","currentId":2,"turnIndex":1,"roll":1,"status":"started"}
{"ts":"2026-01-23T22:32:08.429Z","label":"panier.exchange.pending","event":"panier.exchange.pending","roomId":null,"gameType":null,"userId":2,"type":"exchange_pending","playerId":2,"card":"troc-equitable","targets":1}
{"ts":"2026-01-23T22:32:08.457Z","label":"panier.bot.actions","event":"panier.bot.actions","roomId":null,"gameType":null,"userId":1,"type":"bot_actions","botPlayerId":1,"actions":["exchange_accept"]}
{"ts":"2026-01-23T22:32:08.461Z","label":"panier.exchange.resolve","event":"panier.exchange.resolve","roomId":null,"gameType":null,"userId":2,"type":"exchange_resolve","playerId":2,"targetPlayerId":1}
{"ts":"2026-01-23T22:32:08.462Z","label":"panier.advanceTurn","event":"panier.advanceTurn","roomId":null,"gameType":null,"userId":2,"type":"advance_turn","currentId":2,"currentIndex":1,"nextTurnIndex":0,"nextCurrentPlayerId":1,"skipTurn":{}}
{"ts":"2026-01-23T22:32:08.468Z","label":"panier.bot.actions","event":"panier.bot.actions","roomId":null,"gameType":null,"userId":1,"type":"bot_actions","botPlayerId":1,"actions":["roll"]}
{"ts":"2026-01-23T22:32:08.471Z","label":"panier.roll","event":"panier.roll","roomId":null,"gameType":null,"userId":1,"type":"roll","currentId":1,"turnIndex":0,"roll":3,"status":"started"}
{"ts":"2026-01-23T22:32:08.490Z","label":"panier.advanceTurn","event":"panier.advanceTurn","roomId":null,"gameType":null,"userId":1,"type":"advance_turn","currentId":1,"currentIndex":0,"nextTurnIndex":1,"nextCurrentPlayerId":2,"skipTurn":{}}
{"ts":"2026-01-23T22:32:08.498Z","label":"panier.roll","event":"panier.roll","roomId":null,"gameType":null,"userId":2,"type":"roll","currentId":2,"turnIndex":1,"roll":3,"status":"started"}
{"ts":"2026-01-23T22:32:08.507Z","label":"panier.draw","event":"panier.draw","roomId":null,"gameType":null,"userId":2,"type":"draw","playerId":2,"card":"pousse-de-bambou","standId":"primeur","shoppingList":["poire"],"basket":[],"inventory":["cerise","fenouil","amande","roquette","mandarine"],"discarded":"full"}
{"ts":"2026-01-23T22:32:08.510Z","label":"panier.advanceTurn","event":"panier.advanceTurn","roomId":null,"gameType":null,"userId":2,"type":"advance_turn","currentId":2,"currentIndex":1,"nextTurnIndex":0,"nextCurrentPlayerId":1,"skipTurn":{}}
{"ts":"2026-01-23T22:32:08.514Z","label":"panier.bot.actions","event":"panier.bot.actions","roomId":null,"gameType":null,"userId":1,"type":"bot_actions","botPlayerId":1,"actions":["roll"]}
{"ts":"2026-01-23T22:32:08.517Z","label":"panier.roll","event":"panier.roll","roomId":null,"gameType":null,"userId":1,"type":"roll","currentId":1,"turnIndex":0,"roll":2,"status":"started"}
{"ts":"2026-01-23T22:32:08.532Z","label":"panier.bot.actions","event":"panier.bot.actions","roomId":null,"gameType":null,"userId":1,"type":"bot_actions","botPlayerId":1,"actions":["pick_choice"]}
{"ts":"2026-01-23T22:32:08.540Z","label":"panier.bot.actions","event":"panier.bot.actions","roomId":null,"gameType":null,"userId":1,"type":"bot_actions","botPlayerId":1,"actions":["pick_choice"]}
{"ts":"2026-01-23T22:32:08.548Z","label":"panier.bot.actions","event":"panier.bot.actions","roomId":null,"gameType":null,"userId":1,"type":"bot_actions","botPlayerId":1,"actions":["pick_choice"]}
{"ts":"2026-01-23T22:32:08.558Z","label":"panier.advanceTurn","event":"panier.advanceTurn","roomId":null,"gameType":null,"userId":1,"type":"advance_turn","currentId":1,"currentIndex":0,"nextTurnIndex":1,"nextCurrentPlayerId":2,"skipTurn":{}}
{"ts":"2026-01-23T22:32:08.564Z","label":"panier.roll","event":"panier.roll","roomId":null,"gameType":null,"userId":2,"type":"roll","currentId":2,"turnIndex":1,"roll":5,"status":"started"}
{"ts":"2026-01-23T22:32:08.599Z","label":"panier.draw","event":"panier.draw","roomId":null,"gameType":null,"userId":2,"type":"draw","playerId":2,"card":"abricot","standId":"bonus","shoppingList":["poire"],"basket":[],"inventory":["amande","roquette","mandarine","laitue","abricot"],"discarded":null}
{"ts":"2026-01-23T22:32:08.599Z","label":"panier.advanceTurn","event":"panier.advanceTurn","roomId":null,"gameType":null,"userId":2,"type":"advance_turn","currentId":2,"currentIndex":1,"nextTurnIndex":0,"nextCurrentPlayerId":1,"skipTurn":{}}
{"ts":"2026-01-23T22:32:08.607Z","label":"panier.bot.actions","event":"panier.bot.actions","roomId":null,"gameType":null,"userId":1,"type":"bot_actions","botPlayerId":1,"actions":["roll"]}
{"ts":"2026-01-23T22:32:08.611Z","label":"panier.roll","event":"panier.roll","roomId":null,"gameType":null,"userId":1,"type":"roll","currentId":1,"turnIndex":0,"roll":1,"status":"started"}
{"ts":"2026-01-23T22:32:08.617Z","label":"panier.draw","event":"panier.draw","roomId":null,"gameType":null,"userId":1,"type":"draw","playerId":1,"card":"radis","standId":"legumes-racines","shoppingList":["pomme"],"basket":[],"inventory":["fraise","betterave","kiwano","abricot","cerise"],"discarded":"full"}
{"ts":"2026-01-23T22:32:08.624Z","label":"panier.advanceTurn","event":"panier.advanceTurn","roomId":null,"gameType":null,"userId":1,"type":"advance_turn","currentId":1,"currentIndex":0,"nextTurnIndex":1,"nextCurrentPlayerId":2,"skipTurn":{}}
{"ts":"2026-01-23T22:32:08.635Z","label":"panier.roll","event":"panier.roll","roomId":null,"gameType":null,"userId":2,"type":"roll","currentId":2,"turnIndex":1,"roll":1,"status":"started"}
{"ts":"2026-01-23T22:32:08.649Z","label":"panier.draw","event":"panier.draw","roomId":null,"gameType":null,"userId":2,"type":"draw","playerId":2,"card":"radis","standId":"legumes-racines","shoppingList":["poire"],"basket":[],"inventory":["amande","roquette","mandarine","laitue","abricot"],"discarded":"full"}
{"ts":"2026-01-23T22:32:08.651Z","label":"panier.advanceTurn","event":"panier.advanceTurn","roomId":null,"gameType":null,"userId":2,"type":"advance_turn","currentId":2,"currentIndex":1,"nextTurnIndex":0,"nextCurrentPlayerId":1,"skipTurn":{}}
{"ts":"2026-01-23T22:32:08.655Z","label":"panier.bot.actions","event":"panier.bot.actions","roomId":null,"gameType":null,"userId":1,"type":"bot_actions","botPlayerId":1,"actions":["roll"]}
{"ts":"2026-01-23T22:32:08.658Z","label":"panier.roll","event":"panier.roll","roomId":null,"gameType":null,"userId":1,"type":"roll","currentId":1,"turnIndex":0,"roll":6,"status":"started"}
{"ts":"2026-01-23T22:32:08.663Z","label":"panier.draw","event":"panier.draw","roomId":null,"gameType":null,"userId":1,"type":"draw","playerId":1,"card":"haricot-sec","standId":"legumes-secs","shoppingList":["pomme"],"basket":[],"inventory":["fraise","betterave","kiwano","abricot","cerise"],"discarded":"full"}
{"ts":"2026-01-23T22:32:08.667Z","label":"panier.bot.actions","event":"panier.bot.actions","roomId":null,"gameType":null,"userId":1,"type":"bot_actions","botPlayerId":1,"actions":["roll"]}
{"ts":"2026-01-23T22:32:08.671Z","label":"panier.roll","event":"panier.roll","roomId":null,"gameType":null,"userId":1,"type":"roll","currentId":1,"turnIndex":0,"roll":3,"status":"started"}
{"ts":"2026-01-23T22:32:08.683Z","label":"panier.bot.actions","event":"panier.bot.actions","roomId":null,"gameType":null,"userId":1,"type":"bot_actions","botPlayerId":1,"actions":["pick_choice"]}
{"ts":"2026-01-23T22:32:08.691Z","label":"panier.draw","event":"panier.draw","roomId":null,"gameType":null,"userId":1,"type":"draw","playerId":1,"card":"ail","standId":"bonus","shoppingList":["pomme"],"basket":[],"inventory":["fraise","betterave","kiwano","abricot","cerise"],"discarded":"full"}
{"ts":"2026-01-23T22:32:08.691Z","label":"panier.advanceTurn","event":"panier.advanceTurn","roomId":null,"gameType":null,"userId":1,"type":"advance_turn","currentId":1,"currentIndex":0,"nextTurnIndex":1,"nextCurrentPlayerId":2,"skipTurn":{}}
{"ts":"2026-01-23T22:32:08.698Z","label":"panier.roll","event":"panier.roll","roomId":null,"gameType":null,"userId":2,"type":"roll","currentId":2,"turnIndex":1,"roll":5,"status":"started"}
{"ts":"2026-01-23T22:32:08.719Z","label":"panier.bot.actions","event":"panier.bot.actions","roomId":null,"gameType":null,"userId":1,"type":"bot_actions","botPlayerId":1,"actions":["pick_choice"]}
{"ts":"2026-01-23T22:32:08.723Z","label":"panier.advanceTurn","event":"panier.advanceTurn","roomId":null,"gameType":null,"userId":2,"type":"advance_turn","currentId":2,"currentIndex":1,"nextTurnIndex":0,"nextCurrentPlayerId":1,"skipTurn":{}}
{"ts":"2026-01-23T22:32:08.727Z","label":"panier.bot.actions","event":"panier.bot.actions","roomId":null,"gameType":null,"userId":1,"type":"bot_actions","botPlayerId":1,"actions":["roll"]}
{"ts":"2026-01-23T22:32:08.735Z","label":"panier.roll","event":"panier.roll","roomId":null,"gameType":null,"userId":1,"type":"roll","currentId":1,"turnIndex":0,"roll":5,"status":"started"}
{"ts":"2026-01-23T22:32:08.739Z","label":"panier.draw","event":"panier.draw","roomId":null,"gameType":null,"userId":1,"type":"draw","playerId":1,"card":"tomate","standId":"legumes-ete","shoppingList":["pomme"],"basket":[],"inventory":["betterave","kiwano","abricot","cerise","tomate"],"discarded":null}
{"ts":"2026-01-23T22:32:08.742Z","label":"panier.advanceTurn","event":"panier.advanceTurn","roomId":null,"gameType":null,"userId":1,"type":"advance_turn","currentId":1,"currentIndex":0,"nextTurnIndex":1,"nextCurrentPlayerId":2,"skipTurn":{}}
{"ts":"2026-01-23T22:32:08.747Z","label":"panier.roll","event":"panier.roll","roomId":null,"gameType":null,"userId":2,"type":"roll","currentId":2,"turnIndex":1,"roll":2,"status":"started"}
{"ts":"2026-01-23T22:32:08.754Z","label":"panier.advanceTurn","event":"panier.advanceTurn","roomId":null,"gameType":null,"userId":2,"type":"advance_turn","currentId":2,"currentIndex":1,"nextTurnIndex":0,"nextCurrentPlayerId":1,"skipTurn":{}}
{"ts":"2026-01-23T22:32:08.759Z","label":"panier.bot.actions","event":"panier.bot.actions","roomId":null,"gameType":null,"userId":1,"type":"bot_actions","botPlayerId":1,"actions":["roll"]}
{"ts":"2026-01-23T22:32:08.762Z","label":"panier.roll","event":"panier.roll","roomId":null,"gameType":null,"userId":1,"type":"roll","currentId":1,"turnIndex":0,"roll":2,"status":"started"}
{"ts":"2026-01-23T22:32:08.769Z","label":"panier.draw","event":"panier.draw","roomId":null,"gameType":null,"userId":1,"type":"draw","playerId":1,"card":"mandarine","standId":"fruits-hiver","shoppingList":["pomme"],"basket":[],"inventory":["roquette","betterave","kiwano","abricot","tomate"],"discarded":"full"}
{"ts":"2026-01-23T22:32:08.777Z","label":"panier.advanceTurn","event":"panier.advanceTurn","roomId":null,"gameType":null,"userId":1,"type":"advance_turn","currentId":1,"currentIndex":0,"nextTurnIndex":1,"nextCurrentPlayerId":2,"skipTurn":{}}
{"ts":"2026-01-23T22:32:08.789Z","label":"panier.roll","event":"panier.roll","roomId":null,"gameType":null,"userId":2,"type":"roll","currentId":2,"turnIndex":1,"roll":3,"status":"started"}
{"ts":"2026-01-23T22:32:08.800Z","label":"panier.draw","event":"panier.draw","roomId":null,"gameType":null,"userId":2,"type":"draw","playerId":2,"card":"roquette","standId":"primeur-special","shoppingList":["poire"],"basket":[],"inventory":["cerise","mandarine","laitue","abricot","fraise"],"discarded":"full"}
{"ts":"2026-01-23T22:32:08.805Z","label":"panier.advanceTurn","event":"panier.advanceTurn","roomId":null,"gameType":null,"userId":2,"type":"advance_turn","currentId":2,"currentIndex":1,"nextTurnIndex":0,"nextCurrentPlayerId":1,"skipTurn":{}}
{"ts":"2026-01-23T22:32:08.811Z","label":"panier.bot.actions","event":"panier.bot.actions","roomId":null,"gameType":null,"userId":1,"type":"bot_actions","botPlayerId":1,"actions":["roll"]}
{"ts":"2026-01-23T22:32:08.818Z","label":"panier.roll","event":"panier.roll","roomId":null,"gameType":null,"userId":1,"type":"roll","currentId":1,"turnIndex":0,"roll":3,"status":"started"}
{"ts":"2026-01-23T22:32:08.840Z","label":"panier.bot.actions","event":"panier.bot.actions","roomId":null,"gameType":null,"userId":1,"type":"bot_actions","botPlayerId":1,"actions":["answer_quiz"]}
{"ts":"2026-01-23T22:32:08.849Z","label":"panier.advanceTurn","event":"panier.advanceTurn","roomId":null,"gameType":null,"userId":1,"type":"advance_turn","currentId":1,"currentIndex":0,"nextTurnIndex":1,"nextCurrentPlayerId":2,"skipTurn":{}}
{"ts":"2026-01-23T22:32:08.856Z","label":"panier.roll","event":"panier.roll","roomId":null,"gameType":null,"userId":2,"type":"roll","currentId":2,"turnIndex":1,"roll":5,"status":"started"}
{"ts":"2026-01-23T22:32:08.876Z","label":"panier.advanceTurn","event":"panier.advanceTurn","roomId":null,"gameType":null,"userId":2,"type":"advance_turn","currentId":2,"currentIndex":1,"nextTurnIndex":0,"nextCurrentPlayerId":1,"skipTurn":{}}
{"ts":"2026-01-23T22:32:08.879Z","label":"panier.bot.actions","event":"panier.bot.actions","roomId":null,"gameType":null,"userId":1,"type":"bot_actions","botPlayerId":1,"actions":["roll"]}
{"ts":"2026-01-23T22:32:08.883Z","label":"panier.roll","event":"panier.roll","roomId":null,"gameType":null,"userId":1,"type":"roll","currentId":1,"turnIndex":0,"roll":5,"status":"started"}
{"ts":"2026-01-23T22:32:08.890Z","label":"panier.draw","event":"panier.draw","roomId":null,"gameType":null,"userId":1,"type":"draw","playerId":1,"card":"raisin","standId":"maraicher-automne","shoppingList":["pomme"],"basket":[],"inventory":["roquette","betterave","kiwano","abricot","cerise"],"discarded":"full"}
{"ts":"2026-01-23T22:32:08.892Z","label":"panier.advanceTurn","event":"panier.advanceTurn","roomId":null,"gameType":null,"userId":1,"type":"advance_turn","currentId":1,"currentIndex":0,"nextTurnIndex":1,"nextCurrentPlayerId":2,"skipTurn":{}}
{"ts":"2026-01-23T22:32:08.898Z","label":"panier.roll","event":"panier.roll","roomId":null,"gameType":null,"userId":2,"type":"roll","currentId":2,"turnIndex":1,"roll":5,"status":"started"}
{"ts":"2026-01-23T22:32:08.905Z","label":"panier.draw","event":"panier.draw","roomId":null,"gameType":null,"userId":2,"type":"draw","playerId":2,"card":"igname","standId":"legumes-exotiques","shoppingList":["poire"],"basket":[],"inventory":["mandarine","laitue","abricot","fraise","tomate"],"discarded":"full"}
{"ts":"2026-01-23T22:32:08.908Z","label":"panier.advanceTurn","event":"panier.advanceTurn","roomId":null,"gameType":null,"userId":2,"type":"advance_turn","currentId":2,"currentIndex":1,"nextTurnIndex":0,"nextCurrentPlayerId":1,"skipTurn":{}}
{"ts":"2026-01-23T22:32:08.911Z","label":"panier.bot.actions","event":"panier.bot.actions","roomId":null,"gameType":null,"userId":1,"type":"bot_actions","botPlayerId":1,"actions":["roll"]}
{"ts":"2026-01-23T22:32:08.914Z","label":"panier.roll","event":"panier.roll","roomId":null,"gameType":null,"userId":1,"type":"roll","currentId":1,"turnIndex":0,"roll":3,"status":"started"}
{"ts":"2026-01-23T22:32:08.927Z","label":"panier.advanceTurn","event":"panier.advanceTurn","roomId":null,"gameType":null,"userId":1,"type":"advance_turn","currentId":1,"currentIndex":0,"nextTurnIndex":1,"nextCurrentPlayerId":2,"skipTurn":{}}
{"ts":"2026-01-23T22:32:08.940Z","label":"panier.roll","event":"panier.roll","roomId":null,"gameType":null,"userId":2,"type":"roll","currentId":2,"turnIndex":1,"roll":3,"status":"started"}
{"ts":"2026-01-23T22:32:08.969Z","label":"panier.draw","event":"panier.draw","roomId":null,"gameType":null,"userId":2,"type":"draw","playerId":2,"card":"cepe","standId":"champignons","shoppingList":["poire"],"basket":[],"inventory":["mandarine","laitue","abricot","fraise","tomate"],"discarded":"full"}
{"ts":"2026-01-23T22:32:08.974Z","label":"panier.advanceTurn","event":"panier.advanceTurn","roomId":null,"gameType":null,"userId":2,"type":"advance_turn","currentId":2,"currentIndex":1,"nextTurnIndex":0,"nextCurrentPlayerId":1,"skipTurn":{}}
{"ts":"2026-01-23T22:32:08.981Z","label":"panier.bot.actions","event":"panier.bot.actions","roomId":null,"gameType":null,"userId":1,"type":"bot_actions","botPlayerId":1,"actions":["roll"]}
{"ts":"2026-01-23T22:32:08.986Z","label":"panier.roll","event":"panier.roll","roomId":null,"gameType":null,"userId":1,"type":"roll","currentId":1,"turnIndex":0,"roll":1,"status":"started"}
{"ts":"2026-01-23T22:32:08.993Z","label":"panier.draw","event":"panier.draw","roomId":null,"gameType":null,"userId":1,"type":"draw","playerId":1,"card":"pomme","standId":"fruitier","shoppingList":["pomme"],"basket":["pomme"],"inventory":["roquette","betterave","kiwano","abricot","cerise"],"discarded":null}
{"ts":"2026-01-23T22:32:08.999Z","label":"panier.advanceTurn","event":"panier.advanceTurn","roomId":null,"gameType":null,"userId":1,"type":"advance_turn","currentId":1,"currentIndex":0,"nextTurnIndex":1,"nextCurrentPlayerId":2,"skipTurn":{}}
{"ts":"2026-01-23T22:32:09.008Z","label":"panier.roll","event":"panier.roll","roomId":null,"gameType":null,"userId":2,"type":"roll","currentId":2,"turnIndex":1,"roll":1,"status":"started"}
{"ts":"2026-01-23T22:32:09.035Z","label":"panier.roll","event":"panier.roll","roomId":null,"gameType":null,"userId":2,"type":"roll","currentId":2,"turnIndex":1,"roll":6,"status":"started"}
{"ts":"2026-01-23T22:32:09.062Z","label":"panier.roll","event":"panier.roll","roomId":null,"gameType":null,"userId":2,"type":"roll","currentId":2,"turnIndex":1,"roll":6,"status":"started"}
{"ts":"2026-01-23T22:32:09.081Z","label":"panier.roll","event":"panier.roll","roomId":null,"gameType":null,"userId":2,"type":"roll","currentId":2,"turnIndex":1,"roll":1,"status":"started"}
{"ts":"2026-01-23T22:32:09.090Z","label":"panier.draw","event":"panier.draw","roomId":null,"gameType":null,"userId":2,"type":"draw","playerId":2,"card":"kiwi","standId":"fruits-exotiques","shoppingList":["poire"],"basket":[],"inventory":["mandarine","laitue","abricot","fraise","tomate"],"discarded":"full"}
{"ts":"2026-01-23T22:32:09.094Z","label":"panier.advanceTurn","event":"panier.advanceTurn","roomId":null,"gameType":null,"userId":2,"type":"advance_turn","currentId":2,"currentIndex":1,"nextTurnIndex":0,"nextCurrentPlayerId":1,"skipTurn":{}}
{"ts":"2026-01-23T22:32:09.098Z","label":"panier.bot.actions","event":"panier.bot.actions","roomId":null,"gameType":null,"userId":1,"type":"bot_actions","botPlayerId":1,"actions":["roll"]}
{"ts":"2026-01-23T22:32:09.100Z","label":"panier.roll","event":"panier.roll","roomId":null,"gameType":null,"userId":1,"type":"roll","currentId":1,"turnIndex":0,"roll":4,"status":"started"}
{"ts":"2026-01-23T22:32:09.108Z","label":"panier.draw","event":"panier.draw","roomId":null,"gameType":null,"userId":1,"type":"draw","playerId":1,"card":"kiwano","standId":"bio-fruits","shoppingList":["pomme"],"basket":["pomme"],"inventory":["roquette","betterave","kiwano","abricot","cerise"],"discarded":"duplicate"}
{"ts":"2026-01-23T22:32:09.112Z","label":"panier.advanceTurn","event":"panier.advanceTurn","roomId":null,"gameType":null,"userId":1,"type":"advance_turn","currentId":1,"currentIndex":0,"nextTurnIndex":1,"nextCurrentPlayerId":2,"skipTurn":{}}
{"ts":"2026-01-23T22:32:09.119Z","label":"panier.roll","event":"panier.roll","roomId":null,"gameType":null,"userId":2,"type":"roll","currentId":2,"turnIndex":1,"roll":3,"status":"started"}
{"ts":"2026-01-23T22:32:09.147Z","label":"panier.roll","event":"panier.roll","roomId":null,"gameType":null,"userId":2,"type":"roll","currentId":2,"turnIndex":1,"roll":2,"status":"started"}
{"ts":"2026-01-23T22:32:09.163Z","label":"panier.advanceTurn","event":"panier.advanceTurn","roomId":null,"gameType":null,"userId":2,"type":"advance_turn","currentId":2,"currentIndex":1,"nextTurnIndex":0,"nextCurrentPlayerId":1,"skipTurn":{}}
{"ts":"2026-01-23T22:32:09.166Z","label":"panier.bot.actions","event":"panier.bot.actions","roomId":null,"gameType":null,"userId":1,"type":"bot_actions","botPlayerId":1,"actions":["roll"]}
{"ts":"2026-01-23T22:32:09.172Z","label":"panier.roll","event":"panier.roll","roomId":null,"gameType":null,"userId":1,"type":"roll","currentId":1,"turnIndex":0,"roll":4,"status":"started"}
{"ts":"2026-01-23T22:32:09.177Z","label":"panier.draw","event":"panier.draw","roomId":null,"gameType":null,"userId":1,"type":"draw","playerId":1,"card":"papaye","standId":"fruits-exotiques","shoppingList":["pomme"],"basket":["pomme"],"inventory":["roquette","kiwano","abricot","cerise","papaye"],"discarded":null}
{"ts":"2026-01-23T22:32:09.180Z","label":"panier.advanceTurn","event":"panier.advanceTurn","roomId":null,"gameType":null,"userId":1,"type":"advance_turn","currentId":1,"currentIndex":0,"nextTurnIndex":1,"nextCurrentPlayerId":2,"skipTurn":{}}
{"ts":"2026-01-23T22:32:09.185Z","label":"panier.roll","event":"panier.roll","roomId":null,"gameType":null,"userId":2,"type":"roll","currentId":2,"turnIndex":1,"roll":1,"status":"started"}
{"ts":"2026-01-23T22:32:09.190Z","label":"panier.draw","event":"panier.draw","roomId":null,"gameType":null,"userId":2,"type":"draw","playerId":2,"card":"pomme-de-terre","standId":"legumes-racines","shoppingList":["poire"],"basket":[],"inventory":["betterave","mandarine","laitue","abricot","fraise","tomate"],"discarded":"full"}
{"ts":"2026-01-23T22:32:09.195Z","label":"panier.advanceTurn","event":"panier.advanceTurn","roomId":null,"gameType":null,"userId":2,"type":"advance_turn","currentId":2,"currentIndex":1,"nextTurnIndex":0,"nextCurrentPlayerId":1,"skipTurn":{}}
{"ts":"2026-01-23T22:32:09.201Z","label":"panier.bot.actions","event":"panier.bot.actions","roomId":null,"gameType":null,"userId":1,"type":"bot_actions","botPlayerId":1,"actions":["roll"]}
{"ts":"2026-01-23T22:32:09.204Z","label":"panier.roll","event":"panier.roll","roomId":null,"gameType":null,"userId":1,"type":"roll","currentId":1,"turnIndex":0,"roll":4,"status":"started"}
{"ts":"2026-01-23T22:32:09.209Z","label":"panier.draw","event":"panier.draw","roomId":null,"gameType":null,"userId":1,"type":"draw","playerId":1,"card":"mache","standId":"legumes-feuilles","shoppingList":["pomme"],"basket":["pomme"],"inventory":["roquette","kiwano","abricot","cerise","papaye"],"discarded":"full"}
{"ts":"2026-01-23T22:32:09.214Z","label":"panier.advanceTurn","event":"panier.advanceTurn","roomId":null,"gameType":null,"userId":1,"type":"advance_turn","currentId":1,"currentIndex":0,"nextTurnIndex":1,"nextCurrentPlayerId":2,"skipTurn":{}}
{"ts":"2026-01-23T22:32:09.223Z","label":"panier.roll","event":"panier.roll","roomId":null,"gameType":null,"userId":2,"type":"roll","currentId":2,"turnIndex":1,"roll":4,"status":"started"}
{"ts":"2026-01-23T22:32:09.229Z","label":"panier.draw","event":"panier.draw","roomId":null,"gameType":null,"userId":2,"type":"draw","playerId":2,"card":"cerise","standId":"fruits-rouges","shoppingList":["poire"],"basket":[],"inventory":["betterave","mandarine","laitue","abricot","fraise","tomate"],"discarded":"full"}
{"ts":"2026-01-23T22:32:09.236Z","label":"panier.advanceTurn","event":"panier.advanceTurn","roomId":null,"gameType":null,"userId":2,"type":"advance_turn","currentId":2,"currentIndex":1,"nextTurnIndex":0,"nextCurrentPlayerId":1,"skipTurn":{}}
{"ts":"2026-01-23T22:32:09.240Z","label":"panier.bot.actions","event":"panier.bot.actions","roomId":null,"gameType":null,"userId":1,"type":"bot_actions","botPlayerId":1,"actions":["roll"]}
{"ts":"2026-01-23T22:32:09.244Z","label":"panier.roll","event":"panier.roll","roomId":null,"gameType":null,"userId":1,"type":"roll","currentId":1,"turnIndex":0,"roll":2,"status":"started"}
{"ts":"2026-01-23T22:32:09.258Z","label":"panier.draw","event":"panier.draw","roomId":null,"gameType":null,"userId":1,"type":"draw","playerId":1,"card":"framboise","standId":"fruits-rouges","shoppingList":["pomme"],"basket":["pomme"],"inventory":["roquette","kiwano","abricot","cerise","papaye"],"discarded":"full"}
{"ts":"2026-01-23T22:32:09.262Z","label":"panier.advanceTurn","event":"panier.advanceTurn","roomId":null,"gameType":null,"userId":1,"type":"advance_turn","currentId":1,"currentIndex":0,"nextTurnIndex":1,"nextCurrentPlayerId":2,"skipTurn":{}}
{"ts":"2026-01-23T22:32:09.272Z","label":"panier.roll","event":"panier.roll","roomId":null,"gameType":null,"userId":2,"type":"roll","currentId":2,"turnIndex":1,"roll":2,"status":"started"}
{"ts":"2026-01-23T22:32:09.284Z","label":"panier.draw","event":"panier.draw","roomId":null,"gameType":null,"userId":2,"type":"draw","playerId":2,"card":"pois-chiche","standId":"legumes-secs","shoppingList":["poire"],"basket":[],"inventory":["betterave","mandarine","laitue","abricot","fraise","tomate"],"discarded":"full"}
{"ts":"2026-01-23T22:32:09.295Z","label":"panier.advanceTurn","event":"panier.advanceTurn","roomId":null,"gameType":null,"userId":2,"type":"advance_turn","currentId":2,"currentIndex":1,"nextTurnIndex":0,"nextCurrentPlayerId":1,"skipTurn":{}}
{"ts":"2026-01-23T22:32:09.302Z","label":"panier.bot.actions","event":"panier.bot.actions","roomId":null,"gameType":null,"userId":1,"type":"bot_actions","botPlayerId":1,"actions":["roll"]}
{"ts":"2026-01-23T22:32:09.308Z","label":"panier.roll","event":"panier.roll","roomId":null,"gameType":null,"userId":1,"type":"roll","currentId":1,"turnIndex":0,"roll":1,"status":"started"}
{"ts":"2026-01-23T22:32:09.328Z","label":"panier.advanceTurn","event":"panier.advanceTurn","roomId":null,"gameType":null,"userId":1,"type":"advance_turn","currentId":1,"currentIndex":0,"nextTurnIndex":1,"nextCurrentPlayerId":2,"skipTurn":{}}
{"ts":"2026-01-23T22:32:09.341Z","label":"panier.roll","event":"panier.roll","roomId":null,"gameType":null,"userId":2,"type":"roll","currentId":2,"turnIndex":1,"roll":2,"status":"started"}
{"ts":"2026-01-23T22:32:09.351Z","label":"panier.draw","event":"panier.draw","roomId":null,"gameType":null,"userId":2,"type":"draw","playerId":2,"card":"laitue","standId":"bio-legumes","shoppingList":["poire"],"basket":[],"inventory":["betterave","mandarine","laitue","abricot","fraise","tomate"],"discarded":"duplicate"}
{"ts":"2026-01-23T22:32:09.356Z","label":"panier.advanceTurn","event":"panier.advanceTurn","roomId":null,"gameType":null,"userId":2,"type":"advance_turn","currentId":2,"currentIndex":1,"nextTurnIndex":0,"nextCurrentPlayerId":1,"skipTurn":{}}
{"ts":"2026-01-23T22:32:09.361Z","label":"panier.bot.actions","event":"panier.bot.actions","roomId":null,"gameType":null,"userId":1,"type":"bot_actions","botPlayerId":1,"actions":["roll"]}
{"ts":"2026-01-23T22:32:09.365Z","label":"panier.roll","event":"panier.roll","roomId":null,"gameType":null,"userId":1,"type":"roll","currentId":1,"turnIndex":0,"roll":6,"status":"started"}
{"ts":"2026-01-23T22:32:09.370Z","label":"panier.draw","event":"panier.draw","roomId":null,"gameType":null,"userId":1,"type":"draw","playerId":1,"card":"amande","standId":"bonus","shoppingList":["pomme"],"basket":["pomme"],"inventory":["roquette","kiwano","abricot","cerise","papaye"],"discarded":"full"}
{"ts":"2026-01-23T22:32:09.377Z","label":"panier.bot.actions","event":"panier.bot.actions","roomId":null,"gameType":null,"userId":1,"type":"bot_actions","botPlayerId":1,"actions":["roll"]}
{"ts":"2026-01-23T22:32:09.382Z","label":"panier.roll","event":"panier.roll","roomId":null,"gameType":null,"userId":1,"type":"roll","currentId":1,"turnIndex":0,"roll":1,"status":"started"}
{"ts":"2026-01-23T22:32:09.397Z","label":"panier.draw","event":"panier.draw","roomId":null,"gameType":null,"userId":1,"type":"draw","playerId":1,"card":"pamplemousse","standId":"agrumes","shoppingList":["pomme"],"basket":["pomme"],"inventory":["roquette","kiwano","abricot","cerise","papaye"],"discarded":"full"}
{"ts":"2026-01-23T22:32:09.399Z","label":"panier.advanceTurn","event":"panier.advanceTurn","roomId":null,"gameType":null,"userId":1,"type":"advance_turn","currentId":1,"currentIndex":0,"nextTurnIndex":1,"nextCurrentPlayerId":2,"skipTurn":{}}
{"ts":"2026-01-23T22:32:09.411Z","label":"panier.roll","event":"panier.roll","roomId":null,"gameType":null,"userId":2,"type":"roll","currentId":2,"turnIndex":1,"roll":2,"status":"started"}
{"ts":"2026-01-23T22:32:09.416Z","label":"panier.draw","event":"panier.draw","roomId":null,"gameType":null,"userId":2,"type":"draw","playerId":2,"card":"celeri-branche","standId":"primeur-special","shoppingList":["poire"],"basket":[],"inventory":["betterave","mandarine","laitue","abricot","fraise","tomate"],"discarded":"full"}
{"ts":"2026-01-23T22:32:09.427Z","label":"panier.advanceTurn","event":"panier.advanceTurn","roomId":null,"gameType":null,"userId":2,"type":"advance_turn","currentId":2,"currentIndex":1,"nextTurnIndex":0,"nextCurrentPlayerId":1,"skipTurn":{}}
{"ts":"2026-01-23T22:32:09.431Z","label":"panier.bot.actions","event":"panier.bot.actions","roomId":null,"gameType":null,"userId":1,"type":"bot_actions","botPlayerId":1,"actions":["roll"]}
{"ts":"2026-01-23T22:32:09.434Z","label":"panier.roll","event":"panier.roll","roomId":null,"gameType":null,"userId":1,"type":"roll","currentId":1,"turnIndex":0,"roll":6,"status":"started"}
{"ts":"2026-01-23T22:32:09.443Z","label":"panier.draw","event":"panier.draw","roomId":null,"gameType":null,"userId":1,"type":"draw","playerId":1,"card":"coing","standId":"fruits-hiver","shoppingList":["pomme"],"basket":["pomme"],"inventory":["roquette","kiwano","abricot","cerise","papaye"],"discarded":"full"}
{"ts":"2026-01-23T22:32:09.448Z","label":"panier.bot.actions","event":"panier.bot.actions","roomId":null,"gameType":null,"userId":1,"type":"bot_actions","botPlayerId":1,"actions":["roll"]}
{"ts":"2026-01-23T22:32:09.452Z","label":"panier.roll","event":"panier.roll","roomId":null,"gameType":null,"userId":1,"type":"roll","currentId":1,"turnIndex":0,"roll":3,"status":"started"}
{"ts":"2026-01-23T22:32:09.470Z","label":"panier.bot.actions","event":"panier.bot.actions","roomId":null,"gameType":null,"userId":1,"type":"bot_actions","botPlayerId":1,"actions":["answer_quiz"]}
{"ts":"2026-01-23T22:32:09.475Z","label":"panier.advanceTurn","event":"panier.advanceTurn","roomId":null,"gameType":null,"userId":1,"type":"advance_turn","currentId":1,"currentIndex":0,"nextTurnIndex":1,"nextCurrentPlayerId":2,"skipTurn":{}}
{"ts":"2026-01-23T22:32:09.484Z","label":"panier.roll","event":"panier.roll","roomId":null,"gameType":null,"userId":2,"type":"roll","currentId":2,"turnIndex":1,"roll":6,"status":"started"}
{"ts":"2026-01-23T22:32:09.492Z","label":"panier.draw","event":"panier.draw","roomId":null,"gameType":null,"userId":2,"type":"draw","playerId":2,"card":"tomate","standId":"legumes-ete","shoppingList":["poire"],"basket":[],"inventory":["betterave","mandarine","laitue","abricot","fraise","tomate"],"discarded":"duplicate"}
{"ts":"2026-01-23T22:32:09.501Z","label":"panier.roll","event":"panier.roll","roomId":null,"gameType":null,"userId":2,"type":"roll","currentId":2,"turnIndex":1,"roll":4,"status":"started"}
{"ts":"2026-01-23T22:32:09.509Z","label":"panier.draw","event":"panier.draw","roomId":null,"gameType":null,"userId":2,"type":"draw","playerId":2,"card":"patate-douce","standId":"legumes-exotiques","shoppingList":["poire"],"basket":[],"inventory":["betterave","mandarine","laitue","abricot","fraise","tomate"],"discarded":"full"}
{"ts":"2026-01-23T22:32:09.511Z","label":"panier.advanceTurn","event":"panier.advanceTurn","roomId":null,"gameType":null,"userId":2,"type":"advance_turn","currentId":2,"currentIndex":1,"nextTurnIndex":0,"nextCurrentPlayerId":1,"skipTurn":{}}
{"ts":"2026-01-23T22:32:09.514Z","label":"panier.bot.actions","event":"panier.bot.actions","roomId":null,"gameType":null,"userId":1,"type":"bot_actions","botPlayerId":1,"actions":["roll"]}
{"ts":"2026-01-23T22:32:09.517Z","label":"panier.roll","event":"panier.roll","roomId":null,"gameType":null,"userId":1,"type":"roll","currentId":1,"turnIndex":0,"roll":5,"status":"started"}
{"ts":"2026-01-23T22:32:09.527Z","label":"panier.draw","event":"panier.draw","roomId":null,"gameType":null,"userId":1,"type":"draw","playerId":1,"card":"figue","standId":"maraicher-automne","shoppingList":["pomme"],"basket":["pomme"],"inventory":["roquette","kiwano","abricot","cerise","papaye"],"discarded":"full"}
{"ts":"2026-01-23T22:32:09.531Z","label":"panier.advanceTurn","event":"panier.advanceTurn","roomId":null,"gameType":null,"userId":1,"type":"advance_turn","currentId":1,"currentIndex":0,"nextTurnIndex":1,"nextCurrentPlayerId":2,"skipTurn":{}}
{"ts":"2026-01-23T22:32:09.536Z","label":"panier.roll","event":"panier.roll","roomId":null,"gameType":null,"userId":2,"type":"roll","currentId":2,"turnIndex":1,"roll":3,"status":"started"}
{"ts":"2026-01-23T22:32:09.554Z","label":"panier.advanceTurn","event":"panier.advanceTurn","roomId":null,"gameType":null,"userId":2,"type":"advance_turn","currentId":2,"currentIndex":1,"nextTurnIndex":0,"nextCurrentPlayerId":1,"skipTurn":{}}
{"ts":"2026-01-23T22:32:09.558Z","label":"panier.bot.actions","event":"panier.bot.actions","roomId":null,"gameType":null,"userId":1,"type":"bot_actions","botPlayerId":1,"actions":["roll"]}
{"ts":"2026-01-23T22:32:09.561Z","label":"panier.roll","event":"panier.roll","roomId":null,"gameType":null,"userId":1,"type":"roll","currentId":1,"turnIndex":0,"roll":2,"status":"started"}
{"ts":"2026-01-23T22:32:09.573Z","label":"panier.advanceTurn","event":"panier.advanceTurn","roomId":null,"gameType":null,"userId":1,"type":"advance_turn","currentId":1,"currentIndex":0,"nextTurnIndex":1,"nextCurrentPlayerId":2,"skipTurn":{}}
{"ts":"2026-01-23T22:32:09.578Z","label":"panier.roll","event":"panier.roll","roomId":null,"gameType":null,"userId":2,"type":"roll","currentId":2,"turnIndex":1,"roll":6,"status":"started"}
{"ts":"2026-01-23T22:32:09.589Z","label":"panier.draw","event":"panier.draw","roomId":null,"gameType":null,"userId":2,"type":"draw","playerId":2,"card":"amande","standId":"bonus","shoppingList":["poire"],"basket":[],"inventory":["betterave","mandarine","laitue","abricot","fraise","tomate"],"discarded":"full"}
{"ts":"2026-01-23T22:32:09.601Z","label":"panier.advanceTurn","event":"panier.advanceTurn","roomId":null,"gameType":null,"userId":2,"type":"advance_turn","currentId":2,"currentIndex":1,"nextTurnIndex":0,"nextCurrentPlayerId":1,"skipTurn":{}}
{"ts":"2026-01-23T22:32:09.605Z","label":"panier.bot.actions","event":"panier.bot.actions","roomId":null,"gameType":null,"userId":1,"type":"bot_actions","botPlayerId":1,"actions":["roll"]}
{"ts":"2026-01-23T22:32:09.609Z","label":"panier.roll","event":"panier.roll","roomId":null,"gameType":null,"userId":1,"type":"roll","currentId":1,"turnIndex":0,"roll":5,"status":"started"}
{"ts":"2026-01-23T22:32:09.617Z","label":"panier.advanceTurn","event":"panier.advanceTurn","roomId":null,"gameType":null,"userId":1,"type":"advance_turn","currentId":1,"currentIndex":0,"nextTurnIndex":1,"nextCurrentPlayerId":2,"skipTurn":{}}
{"ts":"2026-01-23T22:32:09.625Z","label":"panier.roll","event":"panier.roll","roomId":null,"gameType":null,"userId":2,"type":"roll","currentId":2,"turnIndex":1,"roll":4,"status":"started"}
{"ts":"2026-01-23T22:32:09.638Z","label":"panier.draw","event":"panier.draw","roomId":null,"gameType":null,"userId":2,"type":"draw","playerId":2,"card":"fleur-de-courgette","standId":"primeur","shoppingList":["poire"],"basket":[],"inventory":["fraise","mandarine","laitue","abricot","tomate"],"discarded":"full"}
{"ts":"2026-01-23T22:32:09.640Z","label":"panier.advanceTurn","event":"panier.advanceTurn","roomId":null,"gameType":null,"userId":2,"type":"advance_turn","currentId":2,"currentIndex":1,"nextTurnIndex":0,"nextCurrentPlayerId":1,"skipTurn":{}}
{"ts":"2026-01-23T22:32:09.643Z","label":"panier.bot.actions","event":"panier.bot.actions","roomId":null,"gameType":null,"userId":1,"type":"bot_actions","botPlayerId":1,"actions":["roll"]}
{"ts":"2026-01-23T22:32:09.648Z","label":"panier.roll","event":"panier.roll","roomId":null,"gameType":null,"userId":1,"type":"roll","currentId":1,"turnIndex":0,"roll":2,"status":"started"}
{"ts":"2026-01-23T22:32:09.661Z","label":"panier.draw","event":"panier.draw","roomId":null,"gameType":null,"userId":1,"type":"draw","playerId":1,"card":"fane-de-radis","standId":"primeur","shoppingList":["pomme"],"basket":["pomme"],"inventory":["cerise","roquette","kiwano","abricot","papaye"],"discarded":"full"}
{"ts":"2026-01-23T22:32:09.667Z","label":"panier.advanceTurn","event":"panier.advanceTurn","roomId":null,"gameType":null,"userId":1,"type":"advance_turn","currentId":1,"currentIndex":0,"nextTurnIndex":1,"nextCurrentPlayerId":2,"skipTurn":{}}
{"ts":"2026-01-23T22:32:09.675Z","label":"panier.roll","event":"panier.roll","roomId":null,"gameType":null,"userId":2,"type":"roll","currentId":2,"turnIndex":1,"roll":3,"status":"started"}
{"ts":"2026-01-23T22:32:09.691Z","label":"panier.advanceTurn","event":"panier.advanceTurn","roomId":null,"gameType":null,"userId":2,"type":"advance_turn","currentId":2,"currentIndex":1,"nextTurnIndex":0,"nextCurrentPlayerId":1,"skipTurn":{}}
{"ts":"2026-01-23T22:32:09.697Z","label":"panier.bot.actions","event":"panier.bot.actions","roomId":null,"gameType":null,"userId":1,"type":"bot_actions","botPlayerId":1,"actions":["roll"]}
{"ts":"2026-01-23T22:32:09.701Z","label":"panier.roll","event":"panier.roll","roomId":null,"gameType":null,"userId":1,"type":"roll","currentId":1,"turnIndex":0,"roll":4,"status":"started"}
{"ts":"2026-01-23T22:32:09.712Z","label":"panier.draw","event":"panier.draw","roomId":null,"gameType":null,"userId":1,"type":"draw","playerId":1,"card":"betterave","standId":"legumes-racines","shoppingList":["pomme"],"basket":["pomme"],"inventory":["fraise","cerise","kiwano","abricot","papaye"],"discarded":"full"}
{"ts":"2026-01-23T22:32:09.725Z","label":"panier.advanceTurn","event":"panier.advanceTurn","roomId":null,"gameType":null,"userId":1,"type":"advance_turn","currentId":1,"currentIndex":0,"nextTurnIndex":1,"nextCurrentPlayerId":2,"skipTurn":{}}
{"ts":"2026-01-23T22:32:09.742Z","label":"panier.roll","event":"panier.roll","roomId":null,"gameType":null,"userId":2,"type":"roll","currentId":2,"turnIndex":1,"roll":3,"status":"started"}
{"ts":"2026-01-23T22:32:09.771Z","label":"panier.draw","event":"panier.draw","roomId":null,"gameType":null,"userId":2,"type":"draw","playerId":2,"card":"epinard","standId":"legumes-feuilles","shoppingList":["poire"],"basket":[],"inventory":["roquette","mandarine","laitue","abricot","tomate"],"discarded":"full"}
{"ts":"2026-01-23T22:32:09.782Z","label":"panier.advanceTurn","event":"panier.advanceTurn","roomId":null,"gameType":null,"userId":2,"type":"advance_turn","currentId":2,"currentIndex":1,"nextTurnIndex":0,"nextCurrentPlayerId":1,"skipTurn":{}}
{"ts":"2026-01-23T22:32:09.788Z","label":"panier.bot.actions","event":"panier.bot.actions","roomId":null,"gameType":null,"userId":1,"type":"bot_actions","botPlayerId":1,"actions":["roll"]}
{"ts":"2026-01-23T22:32:09.798Z","label":"panier.roll","event":"panier.roll","roomId":null,"gameType":null,"userId":1,"type":"roll","currentId":1,"turnIndex":0,"roll":5,"status":"started"}
{"ts":"2026-01-23T22:32:09.822Z","label":"panier.bot.actions","event":"panier.bot.actions","roomId":null,"gameType":null,"userId":1,"type":"bot_actions","botPlayerId":1,"actions":["pick_choice"]}
{"ts":"2026-01-23T22:32:09.826Z","label":"panier.draw","event":"panier.draw","roomId":null,"gameType":null,"userId":1,"type":"draw","playerId":1,"card":"ail","standId":"bonus","shoppingList":["pomme"],"basket":["pomme"],"inventory":["cerise","kiwano","abricot","papaye","ail"],"discarded":null}
{"ts":"2026-01-23T22:32:09.835Z","label":"panier.draw","event":"panier.draw","roomId":null,"gameType":null,"userId":2,"type":"draw","playerId":2,"card":"amande","standId":"bonus","shoppingList":["poire"],"basket":[],"inventory":["mandarine","laitue","abricot","tomate","amande"],"discarded":null}
{"ts":"2026-01-23T22:32:09.836Z","label":"panier.advanceTurn","event":"panier.advanceTurn","roomId":null,"gameType":null,"userId":1,"type":"advance_turn","currentId":1,"currentIndex":0,"nextTurnIndex":1,"nextCurrentPlayerId":2,"skipTurn":{}}
{"ts":"2026-01-23T22:32:09.847Z","label":"panier.roll","event":"panier.roll","roomId":null,"gameType":null,"userId":2,"type":"roll","currentId":2,"turnIndex":1,"roll":2,"status":"started"}
{"ts":"2026-01-23T22:32:09.854Z","label":"panier.draw","event":"panier.draw","roomId":null,"gameType":null,"userId":2,"type":"draw","playerId":2,"card":"fraise","standId":"fruits-rouges","shoppingList":["poire"],"basket":[],"inventory":["mandarine","laitue","abricot","tomate","amande"],"discarded":"full"}
{"ts":"2026-01-23T22:32:09.860Z","label":"panier.advanceTurn","event":"panier.advanceTurn","roomId":null,"gameType":null,"userId":2,"type":"advance_turn","currentId":2,"currentIndex":1,"nextTurnIndex":0,"nextCurrentPlayerId":1,"skipTurn":{}}
{"ts":"2026-01-23T22:32:09.869Z","label":"panier.bot.actions","event":"panier.bot.actions","roomId":null,"gameType":null,"userId":1,"type":"bot_actions","botPlayerId":1,"actions":["roll"]}
{"ts":"2026-01-23T22:32:09.876Z","label":"panier.roll","event":"panier.roll","roomId":null,"gameType":null,"userId":1,"type":"roll","currentId":1,"turnIndex":0,"roll":3,"status":"started"}
{"ts":"2026-01-23T22:32:09.881Z","label":"panier.draw","event":"panier.draw","roomId":null,"gameType":null,"userId":1,"type":"draw","playerId":1,"card":"courgette","standId":"bio-legumes","shoppingList":["pomme"],"basket":["pomme"],"inventory":["cerise","kiwano","abricot","papaye","ail"],"discarded":"full"}
{"ts":"2026-01-23T22:32:09.886Z","label":"panier.advanceTurn","event":"panier.advanceTurn","roomId":null,"gameType":null,"userId":1,"type":"advance_turn","currentId":1,"currentIndex":0,"nextTurnIndex":1,"nextCurrentPlayerId":2,"skipTurn":{}}
{"ts":"2026-01-23T22:32:09.899Z","label":"panier.roll","event":"panier.roll","roomId":null,"gameType":null,"userId":2,"type":"roll","currentId":2,"turnIndex":1,"roll":1,"status":"started"}
{"ts":"2026-01-23T22:32:09.920Z","label":"panier.advanceTurn","event":"panier.advanceTurn","roomId":null,"gameType":null,"userId":2,"type":"advance_turn","currentId":2,"currentIndex":1,"nextTurnIndex":0,"nextCurrentPlayerId":1,"skipTurn":{}}
{"ts":"2026-01-23T22:32:09.927Z","label":"panier.bot.actions","event":"panier.bot.actions","roomId":null,"gameType":null,"userId":1,"type":"bot_actions","botPlayerId":1,"actions":["roll"]}
{"ts":"2026-01-23T22:32:09.933Z","label":"panier.roll","event":"panier.roll","roomId":null,"gameType":null,"userId":1,"type":"roll","currentId":1,"turnIndex":0,"roll":3,"status":"started"}
{"ts":"2026-01-23T22:32:09.938Z","label":"panier.draw","event":"panier.draw","roomId":null,"gameType":null,"userId":1,"type":"draw","playerId":1,"card":"abricot","standId":"bonus","shoppingList":["pomme"],"basket":["pomme"],"inventory":["cerise","kiwano","papaye","ail","abricot"],"discarded":null}
{"ts":"2026-01-23T22:32:09.944Z","label":"panier.advanceTurn","event":"panier.advanceTurn","roomId":null,"gameType":null,"userId":1,"type":"advance_turn","currentId":1,"currentIndex":0,"nextTurnIndex":1,"nextCurrentPlayerId":2,"skipTurn":{}}
{"ts":"2026-01-23T22:32:09.951Z","label":"panier.roll","event":"panier.roll","roomId":null,"gameType":null,"userId":2,"type":"roll","currentId":2,"turnIndex":1,"roll":4,"status":"started"}
{"ts":"2026-01-23T22:32:09.978Z","label":"panier.draw","event":"panier.draw","roomId":null,"gameType":null,"userId":2,"type":"draw","playerId":2,"card":"abricot","standId":"bonus","shoppingList":["poire"],"basket":[],"inventory":["mandarine","laitue","abricot","tomate","amande"],"discarded":"duplicate"}
{"ts":"2026-01-23T22:32:09.978Z","label":"panier.advanceTurn","event":"panier.advanceTurn","roomId":null,"gameType":null,"userId":2,"type":"advance_turn","currentId":2,"currentIndex":1,"nextTurnIndex":0,"nextCurrentPlayerId":1,"skipTurn":{}}
{"ts":"2026-01-23T22:32:09.981Z","label":"panier.bot.actions","event":"panier.bot.actions","roomId":null,"gameType":null,"userId":1,"type":"bot_actions","botPlayerId":1,"actions":["roll"]}
{"ts":"2026-01-23T22:32:09.984Z","label":"panier.roll","event":"panier.roll","roomId":null,"gameType":null,"userId":1,"type":"roll","currentId":1,"turnIndex":0,"roll":2,"status":"started"}
{"ts":"2026-01-23T22:32:09.992Z","label":"panier.advanceTurn","event":"panier.advanceTurn","roomId":null,"gameType":null,"userId":1,"type":"advance_turn","currentId":1,"currentIndex":0,"nextTurnIndex":1,"nextCurrentPlayerId":2,"skipTurn":{}}
{"ts":"2026-01-23T22:32:09.997Z","label":"panier.roll","event":"panier.roll","roomId":null,"gameType":null,"userId":2,"type":"roll","currentId":2,"turnIndex":1,"roll":1,"status":"started"}
{"ts":"2026-01-23T22:32:10.002Z","label":"panier.draw","event":"panier.draw","roomId":null,"gameType":null,"userId":2,"type":"draw","playerId":2,"card":"orange","standId":"agrumes","shoppingList":["poire"],"basket":[],"inventory":["mandarine","laitue","abricot","tomate","amande"],"discarded":"full"}
{"ts":"2026-01-23T22:32:10.005Z","label":"panier.advanceTurn","event":"panier.advanceTurn","roomId":null,"gameType":null,"userId":2,"type":"advance_turn","currentId":2,"currentIndex":1,"nextTurnIndex":0,"nextCurrentPlayerId":1,"skipTurn":{}}
{"ts":"2026-01-23T22:32:10.008Z","label":"panier.bot.actions","event":"panier.bot.actions","roomId":null,"gameType":null,"userId":1,"type":"bot_actions","botPlayerId":1,"actions":["roll"]}
{"ts":"2026-01-23T22:32:10.015Z","label":"panier.roll","event":"panier.roll","roomId":null,"gameType":null,"userId":1,"type":"roll","currentId":1,"turnIndex":0,"roll":2,"status":"started"}
{"ts":"2026-01-23T22:32:10.026Z","label":"panier.advanceTurn","event":"panier.advanceTurn","roomId":null,"gameType":null,"userId":1,"type":"advance_turn","currentId":1,"currentIndex":0,"nextTurnIndex":1,"nextCurrentPlayerId":2,"skipTurn":{}}
{"ts":"2026-01-23T22:32:10.031Z","label":"panier.roll","event":"panier.roll","roomId":null,"gameType":null,"userId":2,"type":"roll","currentId":2,"turnIndex":1,"roll":2,"status":"started"}
{"ts":"2026-01-23T22:32:10.037Z","label":"panier.draw","event":"panier.draw","roomId":null,"gameType":null,"userId":2,"type":"draw","playerId":2,"card":"noisette","standId":"fruits-secs","shoppingList":["poire"],"basket":[],"inventory":["amande","papaye","laitue","ail","kiwano"],"discarded":"full"}
{"ts":"2026-01-23T22:32:10.042Z","label":"panier.advanceTurn","event":"panier.advanceTurn","roomId":null,"gameType":null,"userId":2,"type":"advance_turn","currentId":2,"currentIndex":1,"nextTurnIndex":0,"nextCurrentPlayerId":1,"skipTurn":{}}
{"ts":"2026-01-23T22:32:10.047Z","label":"panier.bot.actions","event":"panier.bot.actions","roomId":null,"gameType":null,"userId":1,"type":"bot_actions","botPlayerId":1,"actions":["roll"]}
{"ts":"2026-01-23T22:32:10.050Z","label":"panier.roll","event":"panier.roll","roomId":null,"gameType":null,"userId":1,"type":"roll","currentId":1,"turnIndex":0,"roll":6,"status":"started"}
{"ts":"2026-01-23T22:32:10.065Z","label":"panier.bot.actions","event":"panier.bot.actions","roomId":null,"gameType":null,"userId":1,"type":"bot_actions","botPlayerId":1,"actions":["answer_quiz"]}
{"ts":"2026-01-23T22:32:10.068Z","label":"panier.advanceTurn","event":"panier.advanceTurn","roomId":null,"gameType":null,"userId":1,"type":"advance_turn","currentId":1,"currentIndex":0,"nextTurnIndex":1,"nextCurrentPlayerId":2,"skipTurn":{}}
{"ts":"2026-01-23T22:32:10.077Z","label":"panier.roll","event":"panier.roll","roomId":null,"gameType":null,"userId":2,"type":"roll","currentId":2,"turnIndex":1,"roll":1,"status":"started"}
{"ts":"2026-01-23T22:32:10.092Z","label":"panier.exchange.pending","event":"panier.exchange.pending","roomId":null,"gameType":null,"userId":2,"type":"exchange_pending","playerId":2,"card":"echange-amiable","targets":1}
{"ts":"2026-01-23T22:32:10.110Z","label":"panier.bot.actions","event":"panier.bot.actions","roomId":null,"gameType":null,"userId":1,"type":"bot_actions","botPlayerId":1,"actions":["exchange_accept"]}
{"ts":"2026-01-23T22:32:10.114Z","label":"panier.exchange.resolve","event":"panier.exchange.resolve","roomId":null,"gameType":null,"userId":2,"type":"exchange_resolve","playerId":2,"targetPlayerId":1}
{"ts":"2026-01-23T22:32:10.114Z","label":"panier.advanceTurn","event":"panier.advanceTurn","roomId":null,"gameType":null,"userId":2,"type":"advance_turn","currentId":2,"currentIndex":1,"nextTurnIndex":0,"nextCurrentPlayerId":1,"skipTurn":{}}
{"ts":"2026-01-23T22:32:10.117Z","label":"panier.bot.actions","event":"panier.bot.actions","roomId":null,"gameType":null,"userId":1,"type":"bot_actions","botPlayerId":1,"actions":["roll"]}
{"ts":"2026-01-23T22:32:10.119Z","label":"panier.roll","event":"panier.roll","roomId":null,"gameType":null,"userId":1,"type":"roll","currentId":1,"turnIndex":0,"roll":4,"status":"started"}
{"ts":"2026-01-23T22:32:10.132Z","label":"panier.draw","event":"panier.draw","roomId":null,"gameType":null,"userId":1,"type":"draw","playerId":1,"card":"ail","standId":"bonus","shoppingList":["pomme"],"basket":["pomme"],"inventory":["amande","tomate","abricot","abricot","mandarine"],"discarded":"full"}
{"ts":"2026-01-23T22:32:10.134Z","label":"panier.draw","event":"panier.draw","roomId":null,"gameType":null,"userId":2,"type":"draw","playerId":2,"card":"amande","standId":"bonus","shoppingList":["poire"],"basket":[],"inventory":["cerise","papaye","laitue","ail","kiwano"],"discarded":"full"}
{"ts":"2026-01-23T22:32:10.136Z","label":"panier.advanceTurn","event":"panier.advanceTurn","roomId":null,"gameType":null,"userId":1,"type":"advance_turn","currentId":1,"currentIndex":0,"nextTurnIndex":1,"nextCurrentPlayerId":2,"skipTurn":{}}
{"ts":"2026-01-23T22:32:10.143Z","label":"panier.roll","event":"panier.roll","roomId":null,"gameType":null,"userId":2,"type":"roll","currentId":2,"turnIndex":1,"roll":3,"status":"started"}
{"ts":"2026-01-23T22:32:10.148Z","label":"panier.draw","event":"panier.draw","roomId":null,"gameType":null,"userId":2,"type":"draw","playerId":2,"card":"coing","standId":"fruits-hiver","shoppingList":["poire"],"basket":[],"inventory":["cerise","papaye","laitue","ail","kiwano"],"discarded":"full"}
{"ts":"2026-01-23T22:32:10.150Z","label":"panier.advanceTurn","event":"panier.advanceTurn","roomId":null,"gameType":null,"userId":2,"type":"advance_turn","currentId":2,"currentIndex":1,"nextTurnIndex":0,"nextCurrentPlayerId":1,"skipTurn":{}}
{"ts":"2026-01-23T22:32:10.154Z","label":"panier.bot.actions","event":"panier.bot.actions","roomId":null,"gameType":null,"userId":1,"type":"bot_actions","botPlayerId":1,"actions":["roll"]}
{"ts":"2026-01-23T22:32:10.156Z","label":"panier.roll","event":"panier.roll","roomId":null,"gameType":null,"userId":1,"type":"roll","currentId":1,"turnIndex":0,"roll":6,"status":"started"}
{"ts":"2026-01-23T22:32:10.168Z","label":"panier.bot.actions","event":"panier.bot.actions","roomId":null,"gameType":null,"userId":1,"type":"bot_actions","botPlayerId":1,"actions":["roll"]}
{"ts":"2026-01-23T22:32:10.170Z","label":"panier.roll","event":"panier.roll","roomId":null,"gameType":null,"userId":1,"type":"roll","currentId":1,"turnIndex":0,"roll":5,"status":"started"}
{"ts":"2026-01-23T22:32:10.174Z","label":"panier.draw","event":"panier.draw","roomId":null,"gameType":null,"userId":1,"type":"draw","playerId":1,"card":"mangue","standId":"fruits-exotiques","shoppingList":["pomme"],"basket":["pomme"],"inventory":["cerise","tomate","abricot","abricot","mandarine"],"discarded":"full"}
{"ts":"2026-01-23T22:32:10.179Z","label":"panier.advanceTurn","event":"panier.advanceTurn","roomId":null,"gameType":null,"userId":1,"type":"advance_turn","currentId":1,"currentIndex":0,"nextTurnIndex":1,"nextCurrentPlayerId":2,"skipTurn":{}}
{"ts":"2026-01-23T22:32:10.183Z","label":"panier.roll","event":"panier.roll","roomId":null,"gameType":null,"userId":2,"type":"roll","currentId":2,"turnIndex":1,"roll":4,"status":"started"}
{"ts":"2026-01-23T22:32:10.187Z","label":"panier.draw","event":"panier.draw","roomId":null,"gameType":null,"userId":2,"type":"draw","playerId":2,"card":"pleurote","standId":"champignons","shoppingList":["poire"],"basket":[],"inventory":["amande","papaye","laitue","ail","kiwano"],"discarded":"full"}
{"ts":"2026-01-23T22:32:10.189Z","label":"panier.advanceTurn","event":"panier.advanceTurn","roomId":null,"gameType":null,"userId":2,"type":"advance_turn","currentId":2,"currentIndex":1,"nextTurnIndex":0,"nextCurrentPlayerId":1,"skipTurn":{}}
{"ts":"2026-01-23T22:32:10.192Z","label":"panier.bot.actions","event":"panier.bot.actions","roomId":null,"gameType":null,"userId":1,"type":"bot_actions","botPlayerId":1,"actions":["roll"]}
{"ts":"2026-01-23T22:32:10.194Z","label":"panier.roll","event":"panier.roll","roomId":null,"gameType":null,"userId":1,"type":"roll","currentId":1,"turnIndex":0,"roll":6,"status":"started"}
{"ts":"2026-01-23T22:32:10.199Z","label":"panier.draw","event":"panier.draw","roomId":null,"gameType":null,"userId":1,"type":"draw","playerId":1,"card":"framboise","standId":"fruits-rouges","shoppingList":["pomme"],"basket":["pomme"],"inventory":["cerise","tomate","abricot","abricot","mandarine"],"discarded":"full"}
{"ts":"2026-01-23T22:32:10.203Z","label":"panier.bot.actions","event":"panier.bot.actions","roomId":null,"gameType":null,"userId":1,"type":"bot_actions","botPlayerId":1,"actions":["roll"]}
{"ts":"2026-01-23T22:32:10.206Z","label":"panier.roll","event":"panier.roll","roomId":null,"gameType":null,"userId":1,"type":"roll","currentId":1,"turnIndex":0,"roll":4,"status":"started"}
{"ts":"2026-01-23T22:32:10.210Z","label":"panier.draw","event":"panier.draw","roomId":null,"gameType":null,"userId":1,"type":"draw","playerId":1,"card":"oignon","standId":"bio-legumes","shoppingList":["pomme"],"basket":["pomme"],"inventory":["cerise","tomate","abricot","abricot","mandarine"],"discarded":"full"}
{"ts":"2026-01-23T22:32:10.213Z","label":"panier.advanceTurn","event":"panier.advanceTurn","roomId":null,"gameType":null,"userId":1,"type":"advance_turn","currentId":1,"currentIndex":0,"nextTurnIndex":1,"nextCurrentPlayerId":2,"skipTurn":{}}
{"ts":"2026-01-23T22:32:10.217Z","label":"panier.roll","event":"panier.roll","roomId":null,"gameType":null,"userId":2,"type":"roll","currentId":2,"turnIndex":1,"roll":1,"status":"started"}
{"ts":"2026-01-23T22:32:10.229Z","label":"panier.advanceTurn","event":"panier.advanceTurn","roomId":null,"gameType":null,"userId":2,"type":"advance_turn","currentId":2,"currentIndex":1,"nextTurnIndex":0,"nextCurrentPlayerId":1,"skipTurn":{"2":1}}
{"ts":"2026-01-23T22:32:10.232Z","label":"panier.bot.actions","event":"panier.bot.actions","roomId":null,"gameType":null,"userId":1,"type":"bot_actions","botPlayerId":1,"actions":["roll"]}
{"ts":"2026-01-23T22:32:10.234Z","label":"panier.roll","event":"panier.roll","roomId":null,"gameType":null,"userId":1,"type":"roll","currentId":1,"turnIndex":0,"roll":4,"status":"started"}
{"ts":"2026-01-23T22:32:10.241Z","label":"panier.draw","event":"panier.draw","roomId":null,"gameType":null,"userId":1,"type":"draw","playerId":1,"card":"citron","standId":"agrumes","shoppingList":["pomme"],"basket":["pomme"],"inventory":["cerise","tomate","abricot","abricot","mandarine"],"discarded":"full"}
{"ts":"2026-01-23T22:32:10.244Z","label":"panier.advanceTurn","event":"panier.advanceTurn","roomId":null,"gameType":null,"userId":1,"type":"advance_turn","currentId":1,"currentIndex":0,"nextTurnIndex":0,"nextCurrentPlayerId":1,"skipTurn":{"2":0}}
{"ts":"2026-01-23T22:32:10.247Z","label":"panier.bot.actions","event":"panier.bot.actions","roomId":null,"gameType":null,"userId":1,"type":"bot_actions","botPlayerId":1,"actions":["roll"]}
{"ts":"2026-01-23T22:32:10.249Z","label":"panier.roll","event":"panier.roll","roomId":null,"gameType":null,"userId":1,"type":"roll","currentId":1,"turnIndex":0,"roll":1,"status":"started"}
{"ts":"2026-01-23T22:32:10.256Z","label":"panier.advanceTurn","event":"panier.advanceTurn","roomId":null,"gameType":null,"userId":1,"type":"advance_turn","currentId":1,"currentIndex":0,"nextTurnIndex":1,"nextCurrentPlayerId":2,"skipTurn":{"2":0}}
{"ts":"2026-01-23T22:32:10.260Z","label":"panier.roll","event":"panier.roll","roomId":null,"gameType":null,"userId":2,"type":"roll","currentId":2,"turnIndex":1,"roll":1,"status":"started"}
{"ts":"2026-01-23T22:32:10.264Z","label":"panier.draw","event":"panier.draw","roomId":null,"gameType":null,"userId":2,"type":"draw","playerId":2,"card":"prune","standId":"maraicher-automne","shoppingList":["poire"],"basket":[],"inventory":["amande","papaye","laitue","ail","kiwano"],"discarded":"full"}
{"ts":"2026-01-23T22:32:10.267Z","label":"panier.advanceTurn","event":"panier.advanceTurn","roomId":null,"gameType":null,"userId":2,"type":"advance_turn","currentId":2,"currentIndex":1,"nextTurnIndex":0,"nextCurrentPlayerId":1,"skipTurn":{"2":0}}
{"ts":"2026-01-23T22:32:10.269Z","label":"panier.bot.actions","event":"panier.bot.actions","roomId":null,"gameType":null,"userId":1,"type":"bot_actions","botPlayerId":1,"actions":["roll"]}
{"ts":"2026-01-23T22:32:10.272Z","label":"panier.roll","event":"panier.roll","roomId":null,"gameType":null,"userId":1,"type":"roll","currentId":1,"turnIndex":0,"roll":5,"status":"started"}
{"ts":"2026-01-23T22:32:10.277Z","label":"panier.draw","event":"panier.draw","roomId":null,"gameType":null,"userId":1,"type":"draw","playerId":1,"card":"kaki","standId":"fruits-hiver","shoppingList":["pomme"],"basket":["pomme"],"inventory":["cerise","tomate","abricot","abricot","mandarine"],"discarded":"full"}
{"ts":"2026-01-23T22:32:10.280Z","label":"panier.advanceTurn","event":"panier.advanceTurn","roomId":null,"gameType":null,"userId":1,"type":"advance_turn","currentId":1,"currentIndex":0,"nextTurnIndex":1,"nextCurrentPlayerId":2,"skipTurn":{"2":0}}
{"ts":"2026-01-23T22:32:10.285Z","label":"panier.roll","event":"panier.roll","roomId":null,"gameType":null,"userId":2,"type":"roll","currentId":2,"turnIndex":1,"roll":5,"status":"started"}
{"ts":"2026-01-23T22:32:10.296Z","label":"panier.draw","event":"panier.draw","roomId":null,"gameType":null,"userId":2,"type":"draw","playerId":2,"card":"nashi","standId":"bio-fruits","shoppingList":["poire"],"basket":[],"inventory":["amande","papaye","laitue","ail","kiwano"],"discarded":"full"}
{"ts":"2026-01-23T22:32:10.299Z","label":"panier.advanceTurn","event":"panier.advanceTurn","roomId":null,"gameType":null,"userId":2,"type":"advance_turn","currentId":2,"currentIndex":1,"nextTurnIndex":0,"nextCurrentPlayerId":1,"skipTurn":{"2":0}}
{"ts":"2026-01-23T22:32:10.302Z","label":"panier.bot.actions","event":"panier.bot.actions","roomId":null,"gameType":null,"userId":1,"type":"bot_actions","botPlayerId":1,"actions":["roll"]}
{"ts":"2026-01-23T22:32:10.305Z","label":"panier.roll","event":"panier.roll","roomId":null,"gameType":null,"userId":1,"type":"roll","currentId":1,"turnIndex":0,"roll":6,"status":"started"}
{"ts":"2026-01-23T22:32:10.310Z","label":"panier.draw","event":"panier.draw","roomId":null,"gameType":null,"userId":1,"type":"draw","playerId":1,"card":"topinambour","standId":"primeur-hivernal","shoppingList":["pomme"],"basket":["pomme"],"inventory":["cerise","tomate","abricot","abricot","mandarine"],"discarded":"full"}
{"ts":"2026-01-23T22:32:10.315Z","label":"panier.bot.actions","event":"panier.bot.actions","roomId":null,"gameType":null,"userId":1,"type":"bot_actions","botPlayerId":1,"actions":["roll"]}
{"ts":"2026-01-23T22:32:10.317Z","label":"panier.roll","event":"panier.roll","roomId":null,"gameType":null,"userId":1,"type":"roll","currentId":1,"turnIndex":0,"roll":5,"status":"started"}
{"ts":"2026-01-23T22:32:10.323Z","label":"panier.advanceTurn","event":"panier.advanceTurn","roomId":null,"gameType":null,"userId":1,"type":"advance_turn","currentId":1,"currentIndex":0,"nextTurnIndex":1,"nextCurrentPlayerId":2,"skipTurn":{"2":0}}
